Archive member included to satisfy reference by file (symbol)

c:/microchip/softconsole-v2021.1/arm-none-eabi-gcc/bin/../lib/gcc/arm-none-eabi/9.2.1/../../../../arm-none-eabi/lib/thumb/v7-m/nofp\libg.a(lib_a-errno.o)
                              ./CMSIS/startup_gcc/newlib_stubs.o (__errno)
c:/microchip/softconsole-v2021.1/arm-none-eabi-gcc/bin/../lib/gcc/arm-none-eabi/9.2.1/../../../../arm-none-eabi/lib/thumb/v7-m/nofp\libg.a(lib_a-exit.o)
                              c:/microchip/softconsole-v2021.1/arm-none-eabi-gcc/bin/../lib/gcc/arm-none-eabi/9.2.1/../../../../arm-none-eabi/lib/thumb/v7-m/nofp/crt0.o (exit)
c:/microchip/softconsole-v2021.1/arm-none-eabi-gcc/bin/../lib/gcc/arm-none-eabi/9.2.1/../../../../arm-none-eabi/lib/thumb/v7-m/nofp\libg.a(lib_a-impure.o)
                              c:/microchip/softconsole-v2021.1/arm-none-eabi-gcc/bin/../lib/gcc/arm-none-eabi/9.2.1/../../../../arm-none-eabi/lib/thumb/v7-m/nofp\libg.a(lib_a-exit.o) (_global_impure_ptr)
c:/microchip/softconsole-v2021.1/arm-none-eabi-gcc/bin/../lib/gcc/arm-none-eabi/9.2.1/../../../../arm-none-eabi/lib/thumb/v7-m/nofp\libg.a(lib_a-init.o)
                              c:/microchip/softconsole-v2021.1/arm-none-eabi-gcc/bin/../lib/gcc/arm-none-eabi/9.2.1/../../../../arm-none-eabi/lib/thumb/v7-m/nofp/crt0.o (__libc_init_array)
c:/microchip/softconsole-v2021.1/arm-none-eabi-gcc/bin/../lib/gcc/arm-none-eabi/9.2.1/../../../../arm-none-eabi/lib/thumb/v7-m/nofp\libg.a(lib_a-malloc.o)
                              ./main.o (malloc)
c:/microchip/softconsole-v2021.1/arm-none-eabi-gcc/bin/../lib/gcc/arm-none-eabi/9.2.1/../../../../arm-none-eabi/lib/thumb/v7-m/nofp\libg.a(lib_a-mallocr.o)
                              c:/microchip/softconsole-v2021.1/arm-none-eabi-gcc/bin/../lib/gcc/arm-none-eabi/9.2.1/../../../../arm-none-eabi/lib/thumb/v7-m/nofp\libg.a(lib_a-malloc.o) (_malloc_r)
c:/microchip/softconsole-v2021.1/arm-none-eabi-gcc/bin/../lib/gcc/arm-none-eabi/9.2.1/../../../../arm-none-eabi/lib/thumb/v7-m/nofp\libg.a(lib_a-memcpy.o)
                              ./drivers/mss_sys_services/mss_sys_services.o (memcpy)
c:/microchip/softconsole-v2021.1/arm-none-eabi-gcc/bin/../lib/gcc/arm-none-eabi/9.2.1/../../../../arm-none-eabi/lib/thumb/v7-m/nofp\libg.a(lib_a-memset.o)
                              c:/microchip/softconsole-v2021.1/arm-none-eabi-gcc/bin/../lib/gcc/arm-none-eabi/9.2.1/../../../../arm-none-eabi/lib/thumb/v7-m/nofp/crt0.o (memset)
c:/microchip/softconsole-v2021.1/arm-none-eabi-gcc/bin/../lib/gcc/arm-none-eabi/9.2.1/../../../../arm-none-eabi/lib/thumb/v7-m/nofp\libg.a(lib_a-mlock.o)
                              c:/microchip/softconsole-v2021.1/arm-none-eabi-gcc/bin/../lib/gcc/arm-none-eabi/9.2.1/../../../../arm-none-eabi/lib/thumb/v7-m/nofp\libg.a(lib_a-mallocr.o) (__malloc_lock)
c:/microchip/softconsole-v2021.1/arm-none-eabi-gcc/bin/../lib/gcc/arm-none-eabi/9.2.1/../../../../arm-none-eabi/lib/thumb/v7-m/nofp\libg.a(lib_a-rand.o)
                              ./nvm_shortcuts.o (srand)
c:/microchip/softconsole-v2021.1/arm-none-eabi-gcc/bin/../lib/gcc/arm-none-eabi/9.2.1/../../../../arm-none-eabi/lib/thumb/v7-m/nofp\libg.a(lib_a-sbrkr.o)
                              c:/microchip/softconsole-v2021.1/arm-none-eabi-gcc/bin/../lib/gcc/arm-none-eabi/9.2.1/../../../../arm-none-eabi/lib/thumb/v7-m/nofp\libg.a(lib_a-mallocr.o) (_sbrk_r)
c:/microchip/softconsole-v2021.1/arm-none-eabi-gcc/bin/../lib/gcc/arm-none-eabi/9.2.1/../../../../arm-none-eabi/lib/thumb/v7-m/nofp\libg.a(lib_a-sprintf.o)
                              ./main.o (sprintf)
c:/microchip/softconsole-v2021.1/arm-none-eabi-gcc/bin/../lib/gcc/arm-none-eabi/9.2.1/../../../../arm-none-eabi/lib/thumb/v7-m/nofp\libg.a(lib_a-svfprintf.o)
                              c:/microchip/softconsole-v2021.1/arm-none-eabi-gcc/bin/../lib/gcc/arm-none-eabi/9.2.1/../../../../arm-none-eabi/lib/thumb/v7-m/nofp\libg.a(lib_a-sprintf.o) (_svfprintf_r)
c:/microchip/softconsole-v2021.1/arm-none-eabi-gcc/bin/../lib/gcc/arm-none-eabi/9.2.1/../../../../arm-none-eabi/lib/thumb/v7-m/nofp\libg.a(lib_a-__call_atexit.o)
                              c:/microchip/softconsole-v2021.1/arm-none-eabi-gcc/bin/../lib/gcc/arm-none-eabi/9.2.1/../../../../arm-none-eabi/lib/thumb/v7-m/nofp\libg.a(lib_a-exit.o) (__call_exitprocs)
c:/microchip/softconsole-v2021.1/arm-none-eabi-gcc/bin/../lib/gcc/arm-none-eabi/9.2.1/../../../../arm-none-eabi/lib/thumb/v7-m/nofp\libg.a(lib_a-atexit.o)
                              c:/microchip/softconsole-v2021.1/arm-none-eabi-gcc/bin/../lib/gcc/arm-none-eabi/9.2.1/../../../../arm-none-eabi/lib/thumb/v7-m/nofp\libg.a(lib_a-__call_atexit.o) (atexit)
c:/microchip/softconsole-v2021.1/arm-none-eabi-gcc/bin/../lib/gcc/arm-none-eabi/9.2.1/../../../../arm-none-eabi/lib/thumb/v7-m/nofp\libg.a(lib_a-dtoa.o)
[...]
Memory Configuration

Name             Origin             Length             Attributes
ram              0x0000000020000000 0x0000000000010000 xrw
*default*        0x0000000000000000 0xffffffffffffffff

Linker script and memory map

LOAD c:/microchip/softconsole-v2021.1/arm-none-eabi-gcc/bin/../lib/gcc/arm-none-eabi/9.2.1/thumb/v7-m/nofp/crti.o
LOAD c:/microchip/softconsole-v2021.1/arm-none-eabi-gcc/bin/../lib/gcc/arm-none-eabi/9.2.1/thumb/v7-m/nofp/crtbegin.o
LOAD c:/microchip/softconsole-v2021.1/arm-none-eabi-gcc/bin/../lib/gcc/arm-none-eabi/9.2.1/../../../../arm-none-eabi/lib/thumb/v7-m/nofp/crt0.o
LOAD ./hal/CortexM3/GNU/hal.o
LOAD ./hal/CortexM3/GNU/hw_reg_access.o
LOAD ./hal/CortexM3/cortex_nvic.o
LOAD ./drivers_config/sys_config/sys_config.o
LOAD ./drivers/mss_uart/mss_uart.o
LOAD ./drivers/mss_sys_services/mss_comblk.o
LOAD ./drivers/mss_sys_services/mss_sys_services.o
LOAD ./drivers/mss_rtc/mss_rtc.o
LOAD ./drivers/mss_nvm/mss_nvm.o
LOAD ./drivers/mss_hpdma/mss_hpdma.o
LOAD ./drivers/mss_gpio/mss_gpio.o
LOAD ./CMSIS/startup_gcc/newlib_stubs.o
LOAD ./CMSIS/startup_gcc/startup_m2sxxx.o
LOAD ./CMSIS/system_m2sxxx.o
LOAD ./main.o
LOAD ./nvm_shortcuts.o
START GROUP
LOAD c:/microchip/softconsole-v2021.1/arm-none-eabi-gcc/bin/../lib/gcc/arm-none-eabi/9.2.1/thumb/v7-m/nofp\libgcc.a
LOAD c:/microchip/softconsole-v2021.1/arm-none-eabi-gcc/bin/../lib/gcc/arm-none-eabi/9.2.1/../../../../arm-none-eabi/lib/thumb/v7-m/nofp\libg.a
LOAD c:/microchip/softconsole-v2021.1/arm-none-eabi-gcc/bin/../lib/gcc/arm-none-eabi/9.2.1/../../../../arm-none-eabi/lib/thumb/v7-m/nofp\libc.a
END GROUP
LOAD c:/microchip/softconsole-v2021.1/arm-none-eabi-gcc/bin/../lib/gcc/arm-none-eabi/9.2.1/thumb/v7-m/nofp/crtend.o
LOAD c:/microchip/softconsole-v2021.1/arm-none-eabi-gcc/bin/../lib/gcc/arm-none-eabi/9.2.1/thumb/v7-m/nofp/crtn.o
START GROUP
LOAD c:/microchip/softconsole-v2021.1/arm-none-eabi-gcc/bin/../lib/gcc/arm-none-eabi/9.2.1/../../../../arm-none-eabi/lib/thumb/v7-m/nofp\libc.a
LOAD c:/microchip/softconsole-v2021.1/arm-none-eabi-gcc/bin/../lib/gcc/arm-none-eabi/9.2.1/thumb/v7-m/nofp\libgcc.a
LOAD c:/microchip/softconsole-v2021.1/arm-none-eabi-gcc/bin/../lib/gcc/arm-none-eabi/9.2.1/../../../../arm-none-eabi/lib/thumb/v7-m/nofp\libm.a
END GROUP
                0x0000000000000000                __DYNAMIC = 0x0
                0x0000000020000000                RAM_START_ADDRESS = 0x20000000
                0x0000000000010000                RAM_SIZE = 0x10000
                0x0000000000001000                MAIN_STACK_SIZE = 0x1000
                0x0000000000001000                MIN_SIZE_HEAP = 0x1000
                0x0000000020010000                PROVIDE (__main_stack_start = (RAM_START_ADDRESS + RAM_SIZE))
                0x0000000020010000                PROVIDE (_estack = __main_stack_start)
                0x0000000000000000                PROVIDE (__mirrored_nvm = 0x0)
                0x0000000000000000                PROVIDE (__smartfusion2_memory_remap = 0x0)

.vector_table   0x0000000020000000      0x190
                0x0000000020000000                __vector_table_load = LOADADDR (.vector_table)
                0x0000000020000000                __vector_table_start = .
                0x0000000020000000                __vector_table_vma_base_address = .
 *(.isr_vector)
 .isr_vector    0x0000000020000000      0x190 ./CMSIS/startup_gcc/startup_m2sxxx.o
                0x0000000020000000                g_pfnVectors
                0x0000000020000190                . = ALIGN (0x10)
                0x0000000020000190                _evector_table = .

.boot_code      0x0000000020000190      0x320
 *(.boot_code)
 .boot_code     0x0000000020000190      0x31c ./CMSIS/startup_gcc/startup_m2sxxx.o
                0x0000000020000190                Reset_Handler
                0x000000002000037e                NMI_Handler
                0x0000000020000380                HardFault_Handler
                0x0000000020000382                MemManage_Handler
                0x0000000020000384                BusFault_Handler
                0x0000000020000386                UsageFault_Handler
                0x0000000020000388                SVC_Handler
                0x000000002000038a                DebugMon_Handler
                0x000000002000038c                PendSV_Handler
                0x000000002000038e                SysTick_Handler
                0x0000000020000390                WdogWakeup_IRQHandler
                0x0000000020000394                SPI0_IRQHandler
                0x0000000020000396                SPI1_IRQHandler
                0x0000000020000398                I2C0_IRQHandler
                0x000000002000039a                I2C0_SMBAlert_IRQHandler
                0x000000002000039c                I2C0_SMBus_IRQHandler
                0x000000002000039e                I2C1_IRQHandler
                0x00000000200003a0                I2C1_SMBAlert_IRQHandler
                0x00000000200003a2                I2C1_SMBus_IRQHandler
                0x00000000200003a8                EthernetMAC_IRQHandler
                0x00000000200003aa                DMA_IRQHandler
                0x00000000200003ac                Timer1_IRQHandler
                0x00000000200003ae                Timer2_IRQHandler
                0x00000000200003b0                CAN_IRQHandler
                0x00000000200003b2                ENVM0_IRQHandler
                0x00000000200003b4                ENVM1_IRQHandler
                0x00000000200003b8                USB_IRQHandler
                0x00000000200003ba                USB_DMA_IRQHandler
                0x00000000200003bc                PLL_Lock_IRQHandler
                0x00000000200003be                PLL_LockLost_IRQHandler
                0x00000000200003c0                CommSwitchError_IRQHandler
                0x00000000200003c2                CacheError_IRQHandler
                0x00000000200003c4                DDR_IRQHandler
                0x00000000200003ca                ECC_Error_IRQHandler
                0x00000000200003cc                MDDR_IOCalib_IRQHandler
                0x00000000200003ce                FAB_PLL_Lock_IRQHandler
                0x00000000200003d0                FAB_PLL_LockLost_IRQHandler
                0x00000000200003d2                FIC64_IRQHandler
                0x00000000200003d4                FabricIrq0_IRQHandler
                0x00000000200003d6                FabricIrq1_IRQHandler
                0x00000000200003d8                FabricIrq2_IRQHandler
                0x00000000200003da                FabricIrq3_IRQHandler
                0x00000000200003dc                FabricIrq4_IRQHandler
                0x00000000200003de                FabricIrq5_IRQHandler
                0x00000000200003e0                FabricIrq6_IRQHandler
                0x00000000200003e2                FabricIrq7_IRQHandler
                0x00000000200003e4                FabricIrq8_IRQHandler
                0x00000000200003e6                FabricIrq9_IRQHandler
                0x00000000200003e8                FabricIrq10_IRQHandler
                0x00000000200003ea                FabricIrq11_IRQHandler
                0x00000000200003ec                FabricIrq12_IRQHandler
                0x00000000200003ee                FabricIrq13_IRQHandler
                0x00000000200003f0                FabricIrq14_IRQHandler
                0x00000000200003f2                FabricIrq15_IRQHandler
                0x00000000200003f4                GPIO0_IRQHandler
                0x00000000200003f6                GPIO1_IRQHandler
                0x00000000200003f8                GPIO2_IRQHandler
                0x00000000200003fa                GPIO3_IRQHandler
                0x00000000200003fc                GPIO4_IRQHandler
                0x00000000200003fe                GPIO5_IRQHandler
                0x0000000020000400                GPIO6_IRQHandler
                0x0000000020000402                GPIO7_IRQHandler
                0x0000000020000404                GPIO8_IRQHandler
                0x0000000020000406                GPIO9_IRQHandler
                0x0000000020000408                GPIO10_IRQHandler
                0x000000002000040a                GPIO11_IRQHandler
                0x000000002000040c                GPIO12_IRQHandler
                0x000000002000040e                GPIO13_IRQHandler
                0x0000000020000410                GPIO14_IRQHandler
                0x0000000020000412                GPIO15_IRQHandler
                0x0000000020000414                GPIO16_IRQHandler
                0x0000000020000416                GPIO17_IRQHandler
                0x0000000020000418                GPIO18_IRQHandler
                0x000000002000041a                GPIO19_IRQHandler
                0x000000002000041c                GPIO20_IRQHandler
                0x000000002000041e                GPIO21_IRQHandler
                0x0000000020000420                GPIO22_IRQHandler
                0x0000000020000422                GPIO23_IRQHandler
                0x0000000020000424                GPIO24_IRQHandler
                0x0000000020000426                GPIO25_IRQHandler
                0x0000000020000428                GPIO26_IRQHandler
                0x000000002000042a                GPIO27_IRQHandler
                0x000000002000042c                GPIO28_IRQHandler
                0x000000002000042e                GPIO29_IRQHandler
                0x0000000020000430                GPIO30_IRQHandler
                0x0000000020000432                GPIO31_IRQHandler
                0x0000000020000434                mscc_post_hw_cfg_init
                0x00000000200004b0                . = ALIGN (0x10)
 *fill*         0x00000000200004ac        0x4 

.text           0x00000000200004b0     0x84b0
 CREATE_OBJECT_SYMBOLS
                0x00000000200004b0                __text_load = LOADADDR (.text)
                0x00000000200004b0                __text_start = .
 *(.text .text.* .gnu.linkonce.t.*)
 .text.__do_global_dtors_aux
                0x00000000200004b0       0x24 c:/microchip/softconsole-v2021.1/arm-none-eabi-gcc/bin/../lib/gcc/arm-none-eabi/9.2.1/thumb/v7-m/nofp/crtbegin.o
 .text.frame_dummy
                0x00000000200004d4       0x1c c:/microchip/softconsole-v2021.1/arm-none-eabi-gcc/bin/../lib/gcc/arm-none-eabi/9.2.1/thumb/v7-m/nofp/crtbegin.o
 .text.NVIC_ClearPendingIRQ
                0x00000000200004f0       0x34 ./drivers/mss_uart/mss_uart.o
 .text.set_bit_reg8
                0x0000000020000524       0x3a ./drivers/mss_uart/mss_uart.o
 .text.clear_bit_reg8
                0x000000002000055e       0x3a ./drivers/mss_uart/mss_uart.o
 .text.read_bit_reg8
                0x0000000020000598       0x38 ./drivers/mss_uart/mss_uart.o
 .text.MSS_UART_init
                0x00000000200005d0       0x70 ./drivers/mss_uart/mss_uart.o
                0x00000000200005d0                MSS_UART_init
 .text.MSS_UART_polled_tx_string
                0x0000000020000640       0xb4 ./drivers/mss_uart/mss_uart.o
                0x0000000020000640                MSS_UART_polled_tx_string
 .text.MSS_UART_get_rx
                0x00000000200006f4       0xbc ./drivers/mss_uart/mss_uart.o
                0x00000000200006f4                MSS_UART_get_rx
 .text.UART0_IRQHandler
                0x00000000200007b0       0x24 ./drivers/mss_uart/mss_uart.o
                0x00000000200007b0                UART0_IRQHandler
 .text.UART1_IRQHandler
                0x00000000200007d4       0x24 ./drivers/mss_uart/mss_uart.o
                0x00000000200007d4                UART1_IRQHandler
 .text.config_baud_divisors
                0x00000000200007f8      0x14c ./drivers/mss_uart/mss_uart.o
 .text.global_init
                0x0000000020000944      0x1d8 ./drivers/mss_uart/mss_uart.o
 .text.MSS_UART_isr
                0x0000000020000b1c      0x208 ./drivers/mss_uart/mss_uart.o
 .text.default_tx_handler
                0x0000000020000d24       0xe8 ./drivers/mss_uart/mss_uart.o
 .text.ComBlk_IRQHandler
                0x0000000020000e0c       0x48 ./drivers/mss_sys_services/mss_comblk.o
                0x0000000020000e0c                ComBlk_IRQHandler
 .text.handle_tx_okay_irq
                0x0000000020000e54      0x1b0 ./drivers/mss_sys_services/mss_comblk.o
 .text.handle_rx_okay_irq
                0x0000000020001004      0x210 ./drivers/mss_sys_services/mss_comblk.o
 .text.complete_request
                0x0000000020001214       0x40 ./drivers/mss_sys_services/mss_comblk.o
 .text.abort_current_cmd
                0x0000000020001254       0x4c ./drivers/mss_sys_services/mss_comblk.o
 .text.fill_tx_fifo
                0x00000000200012a0       0x60 ./drivers/mss_sys_services/mss_comblk.o
 .text.process_sys_ctrl_command
                0x0000000020001300       0x28 ./drivers/mss_sys_services/mss_comblk.o
 .text.NVIC_EnableIRQ
                0x0000000020001328       0x30 ./drivers/mss_rtc/mss_rtc.o
 .text.NVIC_DisableIRQ
                0x0000000020001358       0x34 ./drivers/mss_rtc/mss_rtc.o
 .text.NVIC_ClearPendingIRQ
                0x000000002000138c       0x34 ./drivers/mss_rtc/mss_rtc.o
 .text.MSS_RTC_init
                0x00000000200013c0       0x8c ./drivers/mss_rtc/mss_rtc.o
                0x00000000200013c0                MSS_RTC_init
 .text.set_rtc_mode
                0x000000002000144c       0x48 ./drivers/mss_rtc/mss_rtc.o
 .text.MSS_RTC_set_binary_count_alarm
                0x0000000020001494       0x8c ./drivers/mss_rtc/mss_rtc.o
                0x0000000020001494                MSS_RTC_set_binary_count_alarm
 .text.MSS_RTC_start
                0x0000000020001520       0x18 ./drivers/mss_rtc/mss_rtc.o
                0x0000000020001520                MSS_RTC_start
 .text.MSS_RTC_stop
                0x0000000020001538       0x2c ./drivers/mss_rtc/mss_rtc.o
                0x0000000020001538                MSS_RTC_stop
 .text.MSS_RTC_reset_counter
                0x0000000020001564       0x2c ./drivers/mss_rtc/mss_rtc.o
                0x0000000020001564                MSS_RTC_reset_counter
 .text.MSS_RTC_enable_irq
                0x0000000020001590        0xe ./drivers/mss_rtc/mss_rtc.o
                0x0000000020001590                MSS_RTC_enable_irq
 .text.MSS_RTC_disable_irq
                0x000000002000159e        0xe ./drivers/mss_rtc/mss_rtc.o
                0x000000002000159e                MSS_RTC_disable_irq
 .text.MSS_RTC_clear_irq
                0x00000000200015ac       0x28 ./drivers/mss_rtc/mss_rtc.o
                0x00000000200015ac                MSS_RTC_clear_irq
 .text.NVM_write
                0x00000000200015d4      0x1f0 ./drivers/mss_nvm/mss_nvm.o
                0x00000000200015d4                NVM_write
 .text.get_error_code
                0x00000000200017c4       0x58 ./drivers/mss_nvm/mss_nvm.o
 .text.NVM_unlock
                0x000000002000181c      0x1bc ./drivers/mss_nvm/mss_nvm.o
                0x000000002000181c                NVM_unlock
 .text.request_nvm_access
                0x00000000200019d8       0x88 ./drivers/mss_nvm/mss_nvm.o
 .text.get_ctrl_access
                0x0000000020001a60       0x5e ./drivers/mss_nvm/mss_nvm.o
 *fill*         0x0000000020001abe        0x2 
 .text.release_ctrl_access
                0x0000000020001ac0       0x68 ./drivers/mss_nvm/mss_nvm.o
 .text.wait_nvm_ready
                0x0000000020001b28       0x48 ./drivers/mss_nvm/mss_nvm.o
 .text.write_nvm
                0x0000000020001b70      0x114 ./drivers/mss_nvm/mss_nvm.o
 .text.get_remaining_page_length
                0x0000000020001c84       0x3c ./drivers/mss_nvm/mss_nvm.o
 .text.fill_wd_buffer
                0x0000000020001cc0      0x110 ./drivers/mss_nvm/mss_nvm.o
 .text.check_protection_reserved_nvm
                0x0000000020001dd0      0x4d0 ./drivers/mss_nvm/mss_nvm.o
 .text.protection_check
                0x00000000200022a0       0x2c ./drivers/mss_nvm/mss_nvm.o
 .text.start_transfer
                0x00000000200022cc      0x154 ./drivers/mss_hpdma/mss_hpdma.o
 .text.HPDMA_Complete_IRQHandler
                0x0000000020002420       0xf8 ./drivers/mss_hpdma/mss_hpdma.o
                0x0000000020002420                HPDMA_Complete_IRQHandler
 .text.HPDMA_Error_IRQHandler
                0x0000000020002518      0x104 ./drivers/mss_hpdma/mss_hpdma.o
                0x0000000020002518                HPDMA_Error_IRQHandler
 .text._exit    0x000000002000261c        0xa ./CMSIS/startup_gcc/newlib_stubs.o
                0x000000002000261c                _exit
 .text._write_r
                0x0000000020002626       0x1a ./CMSIS/startup_gcc/newlib_stubs.o
                0x0000000020002626                _write_r
 .text._sbrk    0x0000000020002640       0x9c ./CMSIS/startup_gcc/newlib_stubs.o
                0x0000000020002640                _sbrk
 .text.SystemInit
                0x00000000200026dc       0x20 ./CMSIS/system_m2sxxx.o
                0x00000000200026dc                SystemInit
 .text.SystemCoreClockUpdate
                0x00000000200026fc       0xfc ./CMSIS/system_m2sxxx.o
                0x00000000200026fc                SystemCoreClockUpdate
 .text.get_rcosc_25_50mhz_frequency
                0x00000000200027f8       0x3c ./CMSIS/system_m2sxxx.o
 .text.set_clock_frequency_globals
                0x0000000020002834       0x5c ./CMSIS/system_m2sxxx.o
 .text.get_silicon_revision
                0x0000000020002890       0x48 ./CMSIS/system_m2sxxx.o
 .text.silicon_workarounds
                0x00000000200028d8       0x22 ./CMSIS/system_m2sxxx.o
 *fill*         0x00000000200028fa        0x2 
 .text.m2s050_rev_a_workarounds
                0x00000000200028fc       0x30 ./CMSIS/system_m2sxxx.o
 .text.init_RealTimeCounter
                0x000000002000292c       0x28 ./main.o
                0x000000002000292c                init_RealTimeCounter
 .text.RTC_Wakeup_IRQHandler
                0x0000000020002954       0x94 ./main.o
                0x0000000020002954                RTC_Wakeup_IRQHandler
 .text.erase_nvm
                0x00000000200029e8       0x74 ./main.o
                0x00000000200029e8                erase_nvm
 .text.write_nvm
                0x0000000020002a5c      0x33c ./main.o
                0x0000000020002a5c                write_nvm
 .text.read_nvm
                0x0000000020002d98      0x118 ./main.o
                0x0000000020002d98                read_nvm
 .text.main     0x0000000020002eb0      0x308 ./main.o
                0x0000000020002eb0                main
 .text.RTC_TIMESTAMP
                0x00000000200031b8       0x64 ./main.o
                0x00000000200031b8                RTC_TIMESTAMP
 .text.__libc_init_array
                0x000000002000321c       0x48 c:/microchip/softconsole-v2021.1/arm-none-eabi-gcc/bin/../lib/gcc/arm-none-eabi/9.2.1/../../../../arm-none-eabi/lib/thumb/v7-m/nofp\libg.a(lib_a-init.o)
                0x000000002000321c                __libc_init_array
 .text.malloc   0x0000000020003264       0x10 c:/microchip/softconsole-v2021.1/arm-none-eabi-gcc/bin/../lib/gcc/arm-none-eabi/9.2.1/../../../../arm-none-eabi/lib/thumb/v7-m/nofp\libg.a(lib_a-malloc.o)
                0x0000000020003264                malloc
 .text.free     0x0000000020003274       0x10 c:/microchip/softconsole-v2021.1/arm-none-eabi-gcc/bin/../lib/gcc/arm-none-eabi/9.2.1/../../../../arm-none-eabi/lib/thumb/v7-m/nofp\libg.a(lib_a-malloc.o)
                0x0000000020003274                free
 .text._malloc_r
                0x0000000020003284      0x55c c:/microchip/softconsole-v2021.1/arm-none-eabi-gcc/bin/../lib/gcc/arm-none-eabi/9.2.1/../../../../arm-none-eabi/lib/thumb/v7-m/nofp\libg.a(lib_a-mallocr.o)
                0x0000000020003284                _malloc_r
 .text          0x00000000200037e0       0xec c:/microchip/softconsole-v2021.1/arm-none-eabi-gcc/bin/../lib/gcc/arm-none-eabi/9.2.1/../../../../arm-none-eabi/lib/thumb/v7-m/nofp\libg.a(lib_a-memcpy.o)
                0x00000000200037e0                memcpy
 .text.memset   0x00000000200038cc       0xa0 c:/microchip/softconsole-v2021.1/arm-none-eabi-gcc/bin/../lib/gcc/arm-none-eabi/9.2.1/../../../../arm-none-eabi/lib/thumb/v7-m/nofp\libg.a(lib_a-memset.o)
                0x00000000200038cc                memset
 .text.__malloc_lock
                0x000000002000396c        0xc c:/microchip/softconsole-v2021.1/arm-none-eabi-gcc/bin/../lib/gcc/arm-none-eabi/9.2.1/../../../../arm-none-eabi/lib/thumb/v7-m/nofp\libg.a(lib_a-mlock.o)
                0x000000002000396c                __malloc_lock
 .text.__malloc_unlock
                0x0000000020003978        0xc c:/microchip/softconsole-v2021.1/arm-none-eabi-gcc/bin/../lib/gcc/arm-none-eabi/9.2.1/../../../../arm-none-eabi/lib/thumb/v7-m/nofp\libg.a(lib_a-mlock.o)
                0x0000000020003978                __malloc_unlock
 .text._sbrk_r  0x0000000020003984       0x24 c:/microchip/softconsole-v2021.1/arm-none-eabi-gcc/bin/../lib/gcc/arm-none-eabi/9.2.1/../../../../arm-none-eabi/lib/thumb/v7-m/nofp\libg.a(lib_a-sbrkr.o)
                0x0000000020003984                _sbrk_r
 .text.sprintf  0x00000000200039a8       0x44 c:/microchip/softconsole-v2021.1/arm-none-eabi-gcc/bin/../lib/gcc/arm-none-eabi/9.2.1/../../../../arm-none-eabi/lib/thumb/v7-m/nofp\libg.a(lib_a-sprintf.o)
                0x00000000200039a8                sprintf
 .text._svfprintf_r
                0x00000000200039ec     0x1b50 c:/microchip/softconsole-v2021.1/arm-none-eabi-gcc/bin/../lib/gcc/arm-none-eabi/9.2.1/../../../../arm-none-eabi/lib/thumb/v7-m/nofp\libg.a(lib_a-svfprintf.o)
                0x00000000200039ec                _svfprintf_r
 .text.startup.register_fini
                0x000000002000553c       0x14 c:/microchip/softconsole-v2021.1/arm-none-eabi-gcc/bin/../lib/gcc/arm-none-eabi/9.2.1/../../../../arm-none-eabi/lib/thumb/v7-m/nofp\libg.a(lib_a-__call_atexit.o)
 .text.atexit   0x0000000020005550        0xc c:/microchip/softconsole-v2021.1/arm-none-eabi-gcc/bin/../lib/gcc/arm-none-eabi/9.2.1/../../../../arm-none-eabi/lib/thumb/v7-m/nofp\libg.a(lib_a-atexit.o)
                0x0000000020005550                atexit
 .text.quorem   0x000000002000555c      0x120 c:/microchip/softconsole-v2021.1/arm-none-eabi-gcc/bin/../lib/gcc/arm-none-eabi/9.2.1/../../../../arm-none-eabi/lib/thumb/v7-m/nofp\libg.a(lib_a-dtoa.o)
 *fill*         0x000000002000567c        0x4 
 .text._dtoa_r  0x0000000020005680      0xe8c c:/microchip/softconsole-v2021.1/arm-none-eabi-gcc/bin/../lib/gcc/arm-none-eabi/9.2.1/../../../../arm-none-eabi/lib/thumb/v7-m/nofp\libg.a(lib_a-dtoa.o)
                0x0000000020005680                _dtoa_r
 .text.__libc_fini_array
                0x000000002000650c       0x2c c:/microchip/softconsole-v2021.1/arm-none-eabi-gcc/bin/../lib/gcc/arm-none-eabi/9.2.1/../../../../arm-none-eabi/lib/thumb/v7-m/nofp\libg.a(lib_a-fini.o)
                0x000000002000650c                __libc_fini_array
 .text._malloc_trim_r
                0x0000000020006538       0xa0 c:/microchip/softconsole-v2021.1/arm-none-eabi-gcc/bin/../lib/gcc/arm-none-eabi/9.2.1/../../../../arm-none-eabi/lib/thumb/v7-m/nofp\libg.a(lib_a-freer.o)
                0x0000000020006538                _malloc_trim_r
 .text._free_r  0x00000000200065d8      0x20c c:/microchip/softconsole-v2021.1/arm-none-eabi-gcc/bin/../lib/gcc/arm-none-eabi/9.2.1/../../../../arm-none-eabi/lib/thumb/v7-m/nofp\libg.a(lib_a-freer.o)
                0x00000000200065d8                _free_r
 .text._localeconv_r
                0x00000000200067e4        0x8 c:/microchip/softconsole-v2021.1/arm-none-eabi-gcc/bin/../lib/gcc/arm-none-eabi/9.2.1/../../../../arm-none-eabi/lib/thumb/v7-m/nofp\libg.a(lib_a-localeconv.o)
                0x00000000200067e4                _localeconv_r
 .text.__retarget_lock_acquire_recursive
                0x00000000200067ec        0x4 c:/microchip/softconsole-v2021.1/arm-none-eabi-gcc/bin/../lib/gcc/arm-none-eabi/9.2.1/../../../../arm-none-eabi/lib/thumb/v7-m/nofp\libg.a(lib_a-lock.o)
                0x00000000200067ec                __retarget_lock_acquire_recursive
 .text.__retarget_lock_release_recursive
                0x00000000200067f0        0x4 c:/microchip/softconsole-v2021.1/arm-none-eabi-gcc/bin/../lib/gcc/arm-none-eabi/9.2.1/../../../../arm-none-eabi/lib/thumb/v7-m/nofp\libg.a(lib_a-lock.o)
                0x00000000200067f0                __retarget_lock_release_recursive
 .text.memchr   0x00000000200067f4       0x80 c:/microchip/softconsole-v2021.1/arm-none-eabi-gcc/bin/../lib/gcc/arm-none-eabi/9.2.1/../../../../arm-none-eabi/lib/thumb/v7-m/nofp\libg.a(lib_a-memchr-stub.o)
                0x00000000200067f4                memchr
 .text._Balloc  0x0000000020006874       0x4c c:/microchip/softconsole-v2021.1/arm-none-eabi-gcc/bin/../lib/gcc/arm-none-eabi/9.2.1/../../../../arm-none-eabi/lib/thumb/v7-m/nofp\libg.a(lib_a-mprec.o)
                0x0000000020006874                _Balloc
 .text._Bfree   0x00000000200068c0       0x14 c:/microchip/softconsole-v2021.1/arm-none-eabi-gcc/bin/../lib/gcc/arm-none-eabi/9.2.1/../../../../arm-none-eabi/lib/thumb/v7-m/nofp\libg.a(lib_a-mprec.o)
                0x00000000200068c0                _Bfree
 .text.__multadd
                0x00000000200068d4       0x7c c:/microchip/softconsole-v2021.1/arm-none-eabi-gcc/bin/../lib/gcc/arm-none-eabi/9.2.1/../../../../arm-none-eabi/lib/thumb/v7-m/nofp\libg.a(lib_a-mprec.o)
                0x00000000200068d4                __multadd
 .text.__hi0bits
                0x0000000020006950       0x40 c:/microchip/softconsole-v2021.1/arm-none-eabi-gcc/bin/../lib/gcc/arm-none-eabi/9.2.1/../../../../arm-none-eabi/lib/thumb/v7-m/nofp\libg.a(lib_a-mprec.o)
                0x0000000020006950                __hi0bits
 .text.__lo0bits
                0x0000000020006990       0x60 c:/microchip/softconsole-v2021.1/arm-none-eabi-gcc/bin/../lib/gcc/arm-none-eabi/9.2.1/../../../../arm-none-eabi/lib/thumb/v7-m/nofp\libg.a(lib_a-mprec.o)
                0x0000000020006990                __lo0bits
 .text.__i2b    0x00000000200069f0       0x14 c:/microchip/softconsole-v2021.1/arm-none-eabi-gcc/bin/../lib/gcc/arm-none-eabi/9.2.1/../../../../arm-none-eabi/lib/thumb/v7-m/nofp\libg.a(lib_a-mprec.o)
                0x00000000200069f0                __i2b
 .text.__multiply
                0x0000000020006a04      0x144 c:/microchip/softconsole-v2021.1/arm-none-eabi-gcc/bin/../lib/gcc/arm-none-eabi/9.2.1/../../../../arm-none-eabi/lib/thumb/v7-m/nofp\libg.a(lib_a-mprec.o)
                0x0000000020006a04                __multiply
 .text.__pow5mult
                0x0000000020006b48       0xa0 c:/microchip/softconsole-v2021.1/arm-none-eabi-gcc/bin/../lib/gcc/arm-none-eabi/9.2.1/../../../../arm-none-eabi/lib/thumb/v7-m/nofp\libg.a(lib_a-mprec.o)
                0x0000000020006b48                __pow5mult
 .text.__lshift
                0x0000000020006be8       0xd0 c:/microchip/softconsole-v2021.1/arm-none-eabi-gcc/bin/../lib/gcc/arm-none-eabi/9.2.1/../../../../arm-none-eabi/lib/thumb/v7-m/nofp\libg.a(lib_a-mprec.o)
                0x0000000020006be8                __lshift
 .text.__mcmp   0x0000000020006cb8       0x3c c:/microchip/softconsole-v2021.1/arm-none-eabi-gcc/bin/../lib/gcc/arm-none-eabi/9.2.1/../../../../arm-none-eabi/lib/thumb/v7-m/nofp\libg.a(lib_a-mprec.o)
                0x0000000020006cb8                __mcmp
 .text.__mdiff  0x0000000020006cf4      0x138 c:/microchip/softconsole-v2021.1/arm-none-eabi-gcc/bin/../lib/gcc/arm-none-eabi/9.2.1/../../../../arm-none-eabi/lib/thumb/v7-m/nofp\libg.a(lib_a-mprec.o)
                0x0000000020006cf4                __mdiff
 .text.__d2b    0x0000000020006e2c       0xa8 c:/microchip/softconsole-v2021.1/arm-none-eabi-gcc/bin/../lib/gcc/arm-none-eabi/9.2.1/../../../../arm-none-eabi/lib/thumb/v7-m/nofp\libg.a(lib_a-mprec.o)
                0x0000000020006e2c                __d2b
 .text.frexp    0x0000000020006ed4       0x70 c:/microchip/softconsole-v2021.1/arm-none-eabi-gcc/bin/../lib/gcc/arm-none-eabi/9.2.1/../../../../arm-none-eabi/lib/thumb/v7-m/nofp\libg.a(lib_a-s_frexp.o)
                0x0000000020006ed4                frexp
 .text.strlen   0x0000000020006f44       0x5c c:/microchip/softconsole-v2021.1/arm-none-eabi-gcc/bin/../lib/gcc/arm-none-eabi/9.2.1/../../../../arm-none-eabi/lib/thumb/v7-m/nofp\libg.a(lib_a-strlen-stub.o)
                0x0000000020006f44                strlen
 .text.strncpy  0x0000000020006fa0       0x68 c:/microchip/softconsole-v2021.1/arm-none-eabi-gcc/bin/../lib/gcc/arm-none-eabi/9.2.1/../../../../arm-none-eabi/lib/thumb/v7-m/nofp\libg.a(lib_a-strncpy.o)
                0x0000000020006fa0                strncpy
 .text.__ssprint_r
                0x0000000020007008       0xf8 c:/microchip/softconsole-v2021.1/arm-none-eabi-gcc/bin/../lib/gcc/arm-none-eabi/9.2.1/../../../../arm-none-eabi/lib/thumb/v7-m/nofp\libg.a(lib_a-svfiprintf.o)
                0x0000000020007008                __ssprint_r
 .text.__register_exitproc
                0x0000000020007100       0x8c c:/microchip/softconsole-v2021.1/arm-none-eabi-gcc/bin/../lib/gcc/arm-none-eabi/9.2.1/../../../../arm-none-eabi/lib/thumb/v7-m/nofp\libg.a(lib_a-__atexit.o)
                0x0000000020007100                __register_exitproc
 .text._calloc_r
                0x000000002000718c       0x60 c:/microchip/softconsole-v2021.1/arm-none-eabi-gcc/bin/../lib/gcc/arm-none-eabi/9.2.1/../../../../arm-none-eabi/lib/thumb/v7-m/nofp\libg.a(lib_a-callocr.o)
                0x000000002000718c                _calloc_r
 .text.__ascii_mbtowc
                0x00000000200071ec       0x2c c:/microchip/softconsole-v2021.1/arm-none-eabi-gcc/bin/../lib/gcc/arm-none-eabi/9.2.1/../../../../arm-none-eabi/lib/thumb/v7-m/nofp\libg.a(lib_a-mbtowc_r.o)
                0x00000000200071ec                __ascii_mbtowc
 .text.memmove  0x0000000020007218       0xd4 c:/microchip/softconsole-v2021.1/arm-none-eabi-gcc/bin/../lib/gcc/arm-none-eabi/9.2.1/../../../../arm-none-eabi/lib/thumb/v7-m/nofp\libg.a(lib_a-memmove.o)
                0x0000000020007218                memmove
 .text._realloc_r
                0x00000000200072ec      0x3e0 c:/microchip/softconsole-v2021.1/arm-none-eabi-gcc/bin/../lib/gcc/arm-none-eabi/9.2.1/../../../../arm-none-eabi/lib/thumb/v7-m/nofp\libg.a(lib_a-reallocr.o)
                0x00000000200072ec                _realloc_r
 .text.__ascii_wctomb
                0x00000000200076cc       0x1c c:/microchip/softconsole-v2021.1/arm-none-eabi-gcc/bin/../lib/gcc/arm-none-eabi/9.2.1/../../../../arm-none-eabi/lib/thumb/v7-m/nofp\libg.a(lib_a-wctomb_r.o)
                0x00000000200076cc                __ascii_wctomb
 .text          0x00000000200076e8      0x378 c:/microchip/softconsole-v2021.1/arm-none-eabi-gcc/bin/../lib/gcc/arm-none-eabi/9.2.1/thumb/v7-m/nofp\libgcc.a(_arm_addsubdf3.o)
                0x00000000200076e8                __aeabi_drsub
                0x00000000200076f0                __aeabi_dsub
                0x00000000200076f0                __subdf3
                0x00000000200076f4                __aeabi_dadd
                0x00000000200076f4                __adddf3
                0x000000002000796c                __floatunsidf
                0x000000002000796c                __aeabi_ui2d
                0x000000002000798c                __floatsidf
                0x000000002000798c                __aeabi_i2d
                0x00000000200079b0                __aeabi_f2d
                0x00000000200079b0                __extendsfdf2
                0x00000000200079f4                __floatundidf
                0x00000000200079f4                __aeabi_ul2d
                0x0000000020007a04                __floatdidf
                0x0000000020007a04                __aeabi_l2d
 .text          0x0000000020007a60      0x424 c:/microchip/softconsole-v2021.1/arm-none-eabi-gcc/bin/../lib/gcc/arm-none-eabi/9.2.1/thumb/v7-m/nofp\libgcc.a(_arm_muldivdf3.o)
                0x0000000020007a60                __aeabi_dmul
                0x0000000020007a60                __muldf3
                0x0000000020007cb4                __divdf3
                0x0000000020007cb4                __aeabi_ddiv
 .text          0x0000000020007e84      0x110 c:/microchip/softconsole-v2021.1/arm-none-eabi-gcc/bin/../lib/gcc/arm-none-eabi/9.2.1/thumb/v7-m/nofp\libgcc.a(_arm_cmpdf2.o)
                0x0000000020007e84                __gtdf2
                0x0000000020007e84                __gedf2
                0x0000000020007e8c                __ltdf2
                0x0000000020007e8c                __ledf2
                0x0000000020007e94                __nedf2
                0x0000000020007e94                __eqdf2
                0x0000000020007e94                __cmpdf2
                0x0000000020007f10                __aeabi_cdrcmple
                0x0000000020007f20                __aeabi_cdcmpeq
                0x0000000020007f20                __aeabi_cdcmple
                0x0000000020007f30                __aeabi_dcmpeq
                0x0000000020007f44                __aeabi_dcmplt
                0x0000000020007f58                __aeabi_dcmple
                0x0000000020007f6c                __aeabi_dcmpge
                0x0000000020007f80                __aeabi_dcmpgt
 .text          0x0000000020007f94       0x2c c:/microchip/softconsole-v2021.1/arm-none-eabi-gcc/bin/../lib/gcc/arm-none-eabi/9.2.1/thumb/v7-m/nofp\libgcc.a(_arm_unorddf2.o)
                0x0000000020007f94                __unorddf2
                0x0000000020007f94                __aeabi_dcmpun
 .text          0x0000000020007fc0       0x50 c:/microchip/softconsole-v2021.1/arm-none-eabi-gcc/bin/../lib/gcc/arm-none-eabi/9.2.1/thumb/v7-m/nofp\libgcc.a(_arm_fixdfsi.o)
                0x0000000020007fc0                __aeabi_d2iz
                0x0000000020007fc0                __fixdfsi
 .text          0x0000000020008010       0x30 c:/microchip/softconsole-v2021.1/arm-none-eabi-gcc/bin/../lib/gcc/arm-none-eabi/9.2.1/thumb/v7-m/nofp\libgcc.a(_aeabi_uldivmod.o)
                0x0000000020008010                __aeabi_uldivmod
 .text.__udivmoddi4
                0x0000000020008040      0x2c4 c:/microchip/softconsole-v2021.1/arm-none-eabi-gcc/bin/../lib/gcc/arm-none-eabi/9.2.1/thumb/v7-m/nofp\libgcc.a(_udivmoddi4.o)
                0x0000000020008040                __udivmoddi4
 .text          0x0000000020008304        0x4 c:/microchip/softconsole-v2021.1/arm-none-eabi-gcc/bin/../lib/gcc/arm-none-eabi/9.2.1/thumb/v7-m/nofp\libgcc.a(_dvmd_tls.o)
                0x0000000020008304                __aeabi_idiv0
                0x0000000020008304                __aeabi_ldiv0
 *(.plt)
 *(.gnu.warning)
 *(.glue_7t)
 .glue_7t       0x0000000020008308        0x0 linker stubs
 *(.glue_7)
 .glue_7        0x0000000020008308        0x0 linker stubs
 *(.vfp11_veneer)
 .vfp11_veneer  0x0000000020008308        0x0 linker stubs
                0x0000000020008308                . = ALIGN (0x4)
 *crtbegin.o(.ctors)
 *(EXCLUDE_FILE(*crtend.o) .ctors)
 *(SORT_BY_NAME(.ctors.*))
 *crtend.o(.ctors)
 *crtbegin.o(.dtors)
 *(EXCLUDE_FILE(*crtend.o) .dtors)
 *(SORT_BY_NAME(.dtors.*))
 *crtend.o(.dtors)
 *(.rodata .rodata.* .gnu.linkonce.r.*)
 .rodata.g_nvm  0x0000000020008308        0x8 ./drivers/mss_nvm/mss_nvm.o
 .rodata.g_nvm32
                0x0000000020008310        0x8 ./drivers/mss_nvm/mss_nvm.o
 .rodata        0x0000000020008318       0x30 ./CMSIS/startup_gcc/newlib_stubs.o
 .rodata        0x0000000020008348        0x8 ./CMSIS/system_m2sxxx.o
 .rodata        0x0000000020008350      0x357 ./main.o
 *fill*         0x00000000200086a7        0x1 
 .rodata._global_impure_ptr
                0x00000000200086a8        0x4 c:/microchip/softconsole-v2021.1/arm-none-eabi-gcc/bin/../lib/gcc/arm-none-eabi/9.2.1/../../../../arm-none-eabi/lib/thumb/v7-m/nofp\libg.a(lib_a-impure.o)
                0x00000000200086a8                _global_impure_ptr
 .rodata._svfprintf_r.str1.4
                0x00000000200086ac       0x42 c:/microchip/softconsole-v2021.1/arm-none-eabi-gcc/bin/../lib/gcc/arm-none-eabi/9.2.1/../../../../arm-none-eabi/lib/thumb/v7-m/nofp\libg.a(lib_a-svfprintf.o)
 *fill*         0x00000000200086ee        0x2 
 .rodata.blanks.7351
                0x00000000200086f0       0x10 c:/microchip/softconsole-v2021.1/arm-none-eabi-gcc/bin/../lib/gcc/arm-none-eabi/9.2.1/../../../../arm-none-eabi/lib/thumb/v7-m/nofp\libg.a(lib_a-svfprintf.o)
 .rodata.zeroes.7352
                0x0000000020008700       0x10 c:/microchip/softconsole-v2021.1/arm-none-eabi-gcc/bin/../lib/gcc/arm-none-eabi/9.2.1/../../../../arm-none-eabi/lib/thumb/v7-m/nofp\libg.a(lib_a-svfprintf.o)
 .rodata._dtoa_r.str1.4
                0x0000000020008710        0xd c:/microchip/softconsole-v2021.1/arm-none-eabi-gcc/bin/../lib/gcc/arm-none-eabi/9.2.1/../../../../arm-none-eabi/lib/thumb/v7-m/nofp\libg.a(lib_a-dtoa.o)
                                         0x12 (size before relaxing)
 *fill*         0x000000002000871d        0x3 
 .rodata.__mprec_bigtens
                0x0000000020008720       0x28 c:/microchip/softconsole-v2021.1/arm-none-eabi-gcc/bin/../lib/gcc/arm-none-eabi/9.2.1/../../../../arm-none-eabi/lib/thumb/v7-m/nofp\libg.a(lib_a-mprec.o)
                0x0000000020008720                __mprec_bigtens
 .rodata.__mprec_tens
                0x0000000020008748       0xc8 c:/microchip/softconsole-v2021.1/arm-none-eabi-gcc/bin/../lib/gcc/arm-none-eabi/9.2.1/../../../../arm-none-eabi/lib/thumb/v7-m/nofp\libg.a(lib_a-mprec.o)
                0x0000000020008748                __mprec_tens
 .rodata.p05.6115
                0x0000000020008810        0xc c:/microchip/softconsole-v2021.1/arm-none-eabi-gcc/bin/../lib/gcc/arm-none-eabi/9.2.1/../../../../arm-none-eabi/lib/thumb/v7-m/nofp\libg.a(lib_a-mprec.o)
 .rodata._setlocale_r.str1.4
                0x000000002000881c        0xa c:/microchip/softconsole-v2021.1/arm-none-eabi-gcc/bin/../lib/gcc/arm-none-eabi/9.2.1/../../../../arm-none-eabi/lib/thumb/v7-m/nofp\libg.a(lib_a-locale.o)
                                          0xd (size before relaxing)
 *fill*         0x0000000020008826        0x2 
 .rodata.str1.4
                0x0000000020008828        0x2 c:/microchip/softconsole-v2021.1/arm-none-eabi-gcc/bin/../lib/gcc/arm-none-eabi/9.2.1/../../../../arm-none-eabi/lib/thumb/v7-m/nofp\libg.a(lib_a-locale.o)
 *fill*         0x000000002000882a        0x2 
 .rodata._ctype_
                0x000000002000882c      0x101 c:/microchip/softconsole-v2021.1/arm-none-eabi-gcc/bin/../lib/gcc/arm-none-eabi/9.2.1/../../../../arm-none-eabi/lib/thumb/v7-m/nofp\libg.a(lib_a-ctype_.o)
                0x000000002000882c                _ctype_
 *(.ARM.extab* .gnu.linkonce.armextab.*)
 *(.gcc_except_table)
 *(.eh_frame_hdr)
 *(.eh_frame)
 *fill*         0x000000002000892d        0x3 
 .eh_frame      0x0000000020008930        0x0 c:/microchip/softconsole-v2021.1/arm-none-eabi-gcc/bin/../lib/gcc/arm-none-eabi/9.2.1/thumb/v7-m/nofp/crtbegin.o
 *(.vector_table)
 *(.init)
 .init          0x0000000020008930        0x4 c:/microchip/softconsole-v2021.1/arm-none-eabi-gcc/bin/../lib/gcc/arm-none-eabi/9.2.1/thumb/v7-m/nofp/crti.o
                0x0000000020008930                _init
 .init          0x0000000020008934        0x8 c:/microchip/softconsole-v2021.1/arm-none-eabi-gcc/bin/../lib/gcc/arm-none-eabi/9.2.1/thumb/v7-m/nofp/crtn.o
 *(.fini)
 .fini          0x000000002000893c        0x4 c:/microchip/softconsole-v2021.1/arm-none-eabi-gcc/bin/../lib/gcc/arm-none-eabi/9.2.1/thumb/v7-m/nofp/crti.o
                0x000000002000893c                _fini
 .fini          0x0000000020008940        0x8 c:/microchip/softconsole-v2021.1/arm-none-eabi-gcc/bin/../lib/gcc/arm-none-eabi/9.2.1/thumb/v7-m/nofp/crtn.o
                0x0000000020008948                PROVIDE (__preinit_array_start = .)
 *(.preinit_array)
                0x0000000020008948                PROVIDE (__preinit_array_end = .)
                0x0000000020008948                PROVIDE (__init_array_start = .)
 *(SORT_BY_NAME(.init_array.*))
 .init_array.00000
                0x0000000020008948        0x4 c:/microchip/softconsole-v2021.1/arm-none-eabi-gcc/bin/../lib/gcc/arm-none-eabi/9.2.1/../../../../arm-none-eabi/lib/thumb/v7-m/nofp\libg.a(lib_a-__call_atexit.o)
 *(.init_array)
 .init_array    0x000000002000894c        0x4 c:/microchip/softconsole-v2021.1/arm-none-eabi-gcc/bin/../lib/gcc/arm-none-eabi/9.2.1/thumb/v7-m/nofp/crtbegin.o
                0x0000000020008950                PROVIDE (__init_array_end = .)
                0x0000000020008950                PROVIDE (__fini_array_start = .)
 *(.fini_array)
 .fini_array    0x0000000020008950        0x4 c:/microchip/softconsole-v2021.1/arm-none-eabi-gcc/bin/../lib/gcc/arm-none-eabi/9.2.1/thumb/v7-m/nofp/crtbegin.o
 *(SORT_BY_NAME(.fini_array.*))
                0x0000000020008954                PROVIDE (__fini_array_end = .)
                0x0000000020008960                . = ALIGN (0x10)
 *fill*         0x0000000020008954        0xc 
                0x0000000020008960                __exidx_start = .

.v4_bx          0x0000000020008960        0x0
 .v4_bx         0x0000000020008960        0x0 linker stubs

.iplt           0x0000000020008960        0x0
 .iplt          0x0000000020008960        0x0 c:/microchip/softconsole-v2021.1/arm-none-eabi-gcc/bin/../lib/gcc/arm-none-eabi/9.2.1/thumb/v7-m/nofp/crtbegin.o

.ARM.exidx      0x0000000020008960        0x8
 *(.ARM.exidx* .gnu.linkonce.armexidx.*)
 .ARM.exidx.text.__udivmoddi4
                0x0000000020008960        0x8 c:/microchip/softconsole-v2021.1/arm-none-eabi-gcc/bin/../lib/gcc/arm-none-eabi/9.2.1/thumb/v7-m/nofp\libgcc.a(_udivmoddi4.o)
                0x0000000020008968                __exidx_end = .
                0x0000000020008968                _etext = .
                [!provide]                        PROVIDE (__text_end = .)

.rel.dyn        0x0000000020008968        0x0
 .rel.iplt      0x0000000020008968        0x0 c:/microchip/softconsole-v2021.1/arm-none-eabi-gcc/bin/../lib/gcc/arm-none-eabi/9.2.1/thumb/v7-m/nofp/crtbegin.o

.data           0x0000000020008970      0x9d0
                0x0000000020008970                __data_load = LOADADDR (.data)
                0x0000000020008970                _sidata = LOADADDR (.data)
                0x0000000020008970                __data_start = .
                0x0000000020008970                _sdata = .
 *(.jcr)
 *(.got.plt)
 *(.got)
 *(.shdata)
 *(.data .data.* .gnu.linkonce.d.*)
 .data.SystemCoreClock
                0x0000000020008970        0x4 ./CMSIS/system_m2sxxx.o
                0x0000000020008970                SystemCoreClock
 .data.g_FrequencyPCLK0
                0x0000000020008974        0x4 ./CMSIS/system_m2sxxx.o
                0x0000000020008974                g_FrequencyPCLK0
 .data.g_FrequencyPCLK1
                0x0000000020008978        0x4 ./CMSIS/system_m2sxxx.o
                0x0000000020008978                g_FrequencyPCLK1
 .data.g_FrequencyPCLK2
                0x000000002000897c        0x4 ./CMSIS/system_m2sxxx.o
                0x000000002000897c                g_FrequencyPCLK2
 .data.g_FrequencyFIC0
                0x0000000020008980        0x4 ./CMSIS/system_m2sxxx.o
                0x0000000020008980                g_FrequencyFIC0
 .data.g_FrequencyFIC1
                0x0000000020008984        0x4 ./CMSIS/system_m2sxxx.o
                0x0000000020008984                g_FrequencyFIC1
 .data.g_FrequencyFIC64
                0x0000000020008988        0x4 ./CMSIS/system_m2sxxx.o
                0x0000000020008988                g_FrequencyFIC64
 .data._impure_ptr
                0x000000002000898c        0x4 c:/microchip/softconsole-v2021.1/arm-none-eabi-gcc/bin/../lib/gcc/arm-none-eabi/9.2.1/../../../../arm-none-eabi/lib/thumb/v7-m/nofp\libg.a(lib_a-impure.o)
                0x000000002000898c                _impure_ptr
 .data.impure_data
                0x0000000020008990      0x428 c:/microchip/softconsole-v2021.1/arm-none-eabi-gcc/bin/../lib/gcc/arm-none-eabi/9.2.1/../../../../arm-none-eabi/lib/thumb/v7-m/nofp\libg.a(lib_a-impure.o)
 .data.__malloc_av_
                0x0000000020008db8      0x408 c:/microchip/softconsole-v2021.1/arm-none-eabi-gcc/bin/../lib/gcc/arm-none-eabi/9.2.1/../../../../arm-none-eabi/lib/thumb/v7-m/nofp\libg.a(lib_a-mallocr.o)
                0x0000000020008db8                __malloc_av_
 .data.__malloc_sbrk_base
                0x00000000200091c0        0x4 c:/microchip/softconsole-v2021.1/arm-none-eabi-gcc/bin/../lib/gcc/arm-none-eabi/9.2.1/../../../../arm-none-eabi/lib/thumb/v7-m/nofp\libg.a(lib_a-mallocr.o)
                0x00000000200091c0                __malloc_sbrk_base
 .data.__malloc_trim_threshold
                0x00000000200091c4        0x4 c:/microchip/softconsole-v2021.1/arm-none-eabi-gcc/bin/../lib/gcc/arm-none-eabi/9.2.1/../../../../arm-none-eabi/lib/thumb/v7-m/nofp\libg.a(lib_a-mallocr.o)
                0x00000000200091c4                __malloc_trim_threshold
 .data.__atexit_recursive_mutex
                0x00000000200091c8        0x4 c:/microchip/softconsole-v2021.1/arm-none-eabi-gcc/bin/../lib/gcc/arm-none-eabi/9.2.1/../../../../arm-none-eabi/lib/thumb/v7-m/nofp\libg.a(lib_a-__call_atexit.o)
                0x00000000200091c8                __atexit_recursive_mutex
 .data.__global_locale
                0x00000000200091cc      0x16c c:/microchip/softconsole-v2021.1/arm-none-eabi-gcc/bin/../lib/gcc/arm-none-eabi/9.2.1/../../../../arm-none-eabi/lib/thumb/v7-m/nofp\libg.a(lib_a-locale.o)
                0x00000000200091cc                __global_locale
                0x0000000020009340                . = ALIGN (0x10)
 *fill*         0x0000000020009338        0x8 
                0x0000000020009340                _edata = .

.igot.plt       0x0000000020009340        0x0
 .igot.plt      0x0000000020009340        0x0 c:/microchip/softconsole-v2021.1/arm-none-eabi-gcc/bin/../lib/gcc/arm-none-eabi/9.2.1/thumb/v7-m/nofp/crtbegin.o

.bss            0x0000000020009340      0x160
                0x0000000020009340                __bss_start__ = .
                0x0000000020009340                _sbss = .
 *(.shbss)
 *(.bss .bss.* .gnu.linkonce.b.*)
 .bss.completed.8911
                0x0000000020009340        0x1 c:/microchip/softconsole-v2021.1/arm-none-eabi-gcc/bin/../lib/gcc/arm-none-eabi/9.2.1/thumb/v7-m/nofp/crtbegin.o
 *fill*         0x0000000020009341        0x3 
 .bss.object.8916
                0x0000000020009344       0x18 c:/microchip/softconsole-v2021.1/arm-none-eabi-gcc/bin/../lib/gcc/arm-none-eabi/9.2.1/thumb/v7-m/nofp/crtbegin.o
 .bss.g_comblk_cmd_opcode
                0x000000002000935c        0x1 ./drivers/mss_sys_services/mss_comblk.o
 *fill*         0x000000002000935d        0x3 
 .bss.g_comblk_p_cmd
                0x0000000020009360        0x4 ./drivers/mss_sys_services/mss_comblk.o
 .bss.g_comblk_cmd_size
                0x0000000020009364        0x2 ./drivers/mss_sys_services/mss_comblk.o
 *fill*         0x0000000020009366        0x2 
 .bss.g_comblk_p_data
                0x0000000020009368        0x4 ./drivers/mss_sys_services/mss_comblk.o
 .bss.g_comblk_data_size
                0x000000002000936c        0x4 ./drivers/mss_sys_services/mss_comblk.o
 .bss.g_comblk_p_response
                0x0000000020009370        0x4 ./drivers/mss_sys_services/mss_comblk.o
 .bss.g_comblk_response_size
                0x0000000020009374        0x2 ./drivers/mss_sys_services/mss_comblk.o
 .bss.g_comblk_response_idx
                0x0000000020009376        0x2 ./drivers/mss_sys_services/mss_comblk.o
 .bss.g_comblk_completion_handler
                0x0000000020009378        0x4 ./drivers/mss_sys_services/mss_comblk.o
 .bss.g_comblk_page_handler
                0x000000002000937c        0x4 ./drivers/mss_sys_services/mss_comblk.o
 .bss.g_request_in_progress
                0x0000000020009380        0x1 ./drivers/mss_sys_services/mss_comblk.o
 .bss.g_comblk_state
                0x0000000020009381        0x1 ./drivers/mss_sys_services/mss_comblk.o
 *fill*         0x0000000020009382        0x2 
 .bss.g_async_event_handler
                0x0000000020009384        0x4 ./drivers/mss_sys_services/mss_comblk.o
 .bss.g_do_not_lock_page
                0x0000000020009388        0x1 ./drivers/mss_nvm/mss_nvm.o
 .bss.g_envm_ctrl_locks
                0x0000000020009389        0x1 ./drivers/mss_nvm/mss_nvm.o
 *fill*         0x000000002000938a        0x2 
 .bss.g_transfer
                0x000000002000938c       0x18 ./drivers/mss_hpdma/mss_hpdma.o
 .bss.g_hpdma_end_desc
                0x00000000200093a4        0x4 ./drivers/mss_hpdma/mss_hpdma.o
 .bss.g_hpdma_current_desc
                0x00000000200093a8        0x4 ./drivers/mss_hpdma/mss_hpdma.o
 .bss.heap_end.5417
                0x00000000200093ac        0x4 ./CMSIS/startup_gcc/newlib_stubs.o
 .bss.rtcOverflow
                0x00000000200093b0        0x6 ./main.o
                0x00000000200093b0                rtcOverflow
 *fill*         0x00000000200093b6        0x2 
 .bss.__malloc_current_mallinfo
                0x00000000200093b8       0x28 c:/microchip/softconsole-v2021.1/arm-none-eabi-gcc/bin/../lib/gcc/arm-none-eabi/9.2.1/../../../../arm-none-eabi/lib/thumb/v7-m/nofp\libg.a(lib_a-mallocr.o)
                0x00000000200093b8                __malloc_current_mallinfo
 .bss.__malloc_max_sbrked_mem
                0x00000000200093e0        0x4 c:/microchip/softconsole-v2021.1/arm-none-eabi-gcc/bin/../lib/gcc/arm-none-eabi/9.2.1/../../../../arm-none-eabi/lib/thumb/v7-m/nofp\libg.a(lib_a-mallocr.o)
                0x00000000200093e0                __malloc_max_sbrked_mem
 .bss.__malloc_max_total_mem
                0x00000000200093e4        0x4 c:/microchip/softconsole-v2021.1/arm-none-eabi-gcc/bin/../lib/gcc/arm-none-eabi/9.2.1/../../../../arm-none-eabi/lib/thumb/v7-m/nofp\libg.a(lib_a-mallocr.o)
                0x00000000200093e4                __malloc_max_total_mem
 .bss.__malloc_top_pad
                0x00000000200093e8        0x4 c:/microchip/softconsole-v2021.1/arm-none-eabi-gcc/bin/../lib/gcc/arm-none-eabi/9.2.1/../../../../arm-none-eabi/lib/thumb/v7-m/nofp\libg.a(lib_a-mallocr.o)
                0x00000000200093e8                __malloc_top_pad
 *(COMMON)
 COMMON         0x00000000200093ec       0x80 ./drivers/mss_uart/mss_uart.o
                0x00000000200093ec                g_mss_uart1
                0x000000002000942c                g_mss_uart0
 COMMON         0x000000002000946c       0x21 c:/microchip/softconsole-v2021.1/arm-none-eabi-gcc/bin/../lib/gcc/arm-none-eabi/9.2.1/../../../../arm-none-eabi/lib/thumb/v7-m/nofp\libg.a(lib_a-lock.o)
                0x000000002000946c                __lock___atexit_recursive_mutex
                0x0000000020009470                __lock___arc4random_mutex
                0x0000000020009474                __lock___env_recursive_mutex
                0x0000000020009478                __lock___sinit_recursive_mutex
                0x000000002000947c                __lock___malloc_recursive_mutex
                0x0000000020009480                __lock___at_quick_exit_mutex
                0x0000000020009484                __lock___dd_hash_mutex
                0x0000000020009488                __lock___tz_mutex
                0x000000002000948c                __lock___sfp_recursive_mutex
 *fill*         0x000000002000948d        0x3 
 COMMON         0x0000000020009490        0x4 c:/microchip/softconsole-v2021.1/arm-none-eabi-gcc/bin/../lib/gcc/arm-none-eabi/9.2.1/../../../../arm-none-eabi/lib/thumb/v7-m/nofp\libg.a(lib_a-reent.o)
                0x0000000020009490                errno
                0x00000000200094a0                . = ALIGN (0x10)
 *fill*         0x0000000020009494        0xc 
                0x00000000200094a0                __bss_end__ = .
                0x00000000200094a0                _end = .
                0x00000000200094a0                __end = _end
                0x00000000200094a0                _ebss = .
                [!provide]                        PROVIDE (end = .)

.heap           0x00000000200094a0     0x5b60
                0x00000000200094a0                __heap_start__ = .
                0x000000002000a4a0                . = (. + MIN_SIZE_HEAP)
 *fill*         0x00000000200094a0     0x1000 
                0x000000002000f000                . = (. + (((ABSOLUTE (RAM_START_ADDRESS) + RAM_SIZE) - MAIN_STACK_SIZE) - .))
 *fill*         0x000000002000a4a0     0x4b60 
                0x000000002000f000                _eheap = .

.stack          0x000000002000f000     0x1000
                0x000000002000f000                __stack_start__ = .
                0x0000000020010000                . = (. + MAIN_STACK_SIZE)
 *fill*         0x000000002000f000     0x1000 
                0x0000000020010000                _estack = .

.stab
 *(.stab)

.stabstr
 *(.stabstr)

.debug
 *(.debug)

.line
 *(.line)

.debug_srcinfo
 *(.debug_srcinfo)

.debug_sfnames
 *(.debug_sfnames)

.debug_aranges  0x0000000000000000      0x588
 *(.debug_aranges)
 .debug_aranges
                0x0000000000000000      0x1d0 ./drivers/mss_uart/mss_uart.o
 .debug_aranges
                0x00000000000001d0       0x90 ./drivers/mss_sys_services/mss_comblk.o
 .debug_aranges
                0x0000000000000260       0xc0 ./drivers/mss_rtc/mss_rtc.o
 .debug_aranges
                0x0000000000000320       0x80 ./drivers/mss_nvm/mss_nvm.o
 .debug_aranges
                0x00000000000003a0       0x80 ./drivers/mss_hpdma/mss_hpdma.o
 .debug_aranges
                0x0000000000000420       0xa8 ./CMSIS/startup_gcc/newlib_stubs.o
 .debug_aranges
                0x00000000000004c8       0x20 ./CMSIS/startup_gcc/startup_m2sxxx.o
 .debug_aranges
                0x00000000000004e8       0x50 ./CMSIS/system_m2sxxx.o
 .debug_aranges
                0x0000000000000538       0x50 ./main.o

.debug_pubnames
 *(.debug_pubnames)

.debug_info     0x0000000000000000     0xa0fd
 *(.debug_info .gnu.linkonce.wi.*)
 .debug_info    0x0000000000000000     0x1ea8 ./drivers/mss_uart/mss_uart.o
 .debug_info    0x0000000000001ea8      0xb4b ./drivers/mss_sys_services/mss_comblk.o
 .debug_info    0x00000000000029f3     0x1ac9 ./drivers/mss_rtc/mss_rtc.o
 .debug_info    0x00000000000044bc     0x12e0 ./drivers/mss_nvm/mss_nvm.o
 .debug_info    0x000000000000579c     0x1231 ./drivers/mss_hpdma/mss_hpdma.o
 .debug_info    0x00000000000069cd     0x1071 ./CMSIS/startup_gcc/newlib_stubs.o
 .debug_info    0x0000000000007a3e       0x26 ./CMSIS/startup_gcc/startup_m2sxxx.o
 .debug_info    0x0000000000007a64      0xb61 ./CMSIS/system_m2sxxx.o
 .debug_info    0x00000000000085c5     0x1b38 ./main.o

.debug_abbrev   0x0000000000000000     0x15e0
 *(.debug_abbrev)
 .debug_abbrev  0x0000000000000000      0x356 ./drivers/mss_uart/mss_uart.o
 .debug_abbrev  0x0000000000000356      0x224 ./drivers/mss_sys_services/mss_comblk.o
 .debug_abbrev  0x000000000000057a      0x38f ./drivers/mss_rtc/mss_rtc.o
 .debug_abbrev  0x0000000000000909      0x1f5 ./drivers/mss_nvm/mss_nvm.o
 .debug_abbrev  0x0000000000000afe      0x2a3 ./drivers/mss_hpdma/mss_hpdma.o
 .debug_abbrev  0x0000000000000da1      0x333 ./CMSIS/startup_gcc/newlib_stubs.o
 .debug_abbrev  0x00000000000010d4       0x14 ./CMSIS/startup_gcc/startup_m2sxxx.o
 .debug_abbrev  0x00000000000010e8      0x1b2 ./CMSIS/system_m2sxxx.o
 .debug_abbrev  0x000000000000129a      0x346 ./main.o

.debug_line     0x0000000000000000     0x4c7a
 *(.debug_line)
 .debug_line    0x0000000000000000     0x159a ./drivers/mss_uart/mss_uart.o
 .debug_line    0x000000000000159a      0x89b ./drivers/mss_sys_services/mss_comblk.o
 .debug_line    0x0000000000001e35      0xa04 ./drivers/mss_rtc/mss_rtc.o
 .debug_line    0x0000000000002839      0xb56 ./drivers/mss_nvm/mss_nvm.o
 .debug_line    0x000000000000338f      0x653 ./drivers/mss_hpdma/mss_hpdma.o
 .debug_line    0x00000000000039e2      0x550 ./CMSIS/startup_gcc/newlib_stubs.o
 .debug_line    0x0000000000003f32      0x18e ./CMSIS/startup_gcc/startup_m2sxxx.o
 .debug_line    0x00000000000040c0      0x41f ./CMSIS/system_m2sxxx.o
 .debug_line    0x00000000000044df      0x79b ./main.o

.debug_frame    0x0000000000000000     0x2328
 *(.debug_frame)
 .debug_frame   0x0000000000000000      0x820 ./drivers/mss_uart/mss_uart.o
 .debug_frame   0x0000000000000820      0x240 ./drivers/mss_sys_services/mss_comblk.o
 .debug_frame   0x0000000000000a60      0x318 ./drivers/mss_rtc/mss_rtc.o
 .debug_frame   0x0000000000000d78      0x208 ./drivers/mss_nvm/mss_nvm.o
 .debug_frame   0x0000000000000f80      0x208 ./drivers/mss_hpdma/mss_hpdma.o
 .debug_frame   0x0000000000001188      0x2a8 ./CMSIS/startup_gcc/newlib_stubs.o
 .debug_frame   0x0000000000001430      0x10c ./CMSIS/system_m2sxxx.o
 .debug_frame   0x000000000000153c      0x114 ./main.o
 .debug_frame   0x0000000000001650       0x2c c:/microchip/softconsole-v2021.1/arm-none-eabi-gcc/bin/../lib/gcc/arm-none-eabi/9.2.1/../../../../arm-none-eabi/lib/thumb/v7-m/nofp\libg.a(lib_a-init.o)
 .debug_frame   0x000000000000167c       0x30 c:/microchip/softconsole-v2021.1/arm-none-eabi-gcc/bin/../lib/gcc/arm-none-eabi/9.2.1/../../../../arm-none-eabi/lib/thumb/v7-m/nofp\libg.a(lib_a-malloc.o)
 .debug_frame   0x00000000000016ac       0x4c c:/microchip/softconsole-v2021.1/arm-none-eabi-gcc/bin/../lib/gcc/arm-none-eabi/9.2.1/../../../../arm-none-eabi/lib/thumb/v7-m/nofp\libg.a(lib_a-mallocr.o)
 .debug_frame   0x00000000000016f8       0x38 c:/microchip/softconsole-v2021.1/arm-none-eabi-gcc/bin/../lib/gcc/arm-none-eabi/9.2.1/../../../../arm-none-eabi/lib/thumb/v7-m/nofp\libg.a(lib_a-memset.o)
 .debug_frame   0x0000000000001730       0x30 c:/microchip/softconsole-v2021.1/arm-none-eabi-gcc/bin/../lib/gcc/arm-none-eabi/9.2.1/../../../../arm-none-eabi/lib/thumb/v7-m/nofp\libg.a(lib_a-mlock.o)
 .debug_frame   0x0000000000001760       0x2c c:/microchip/softconsole-v2021.1/arm-none-eabi-gcc/bin/../lib/gcc/arm-none-eabi/9.2.1/../../../../arm-none-eabi/lib/thumb/v7-m/nofp\libg.a(lib_a-sbrkr.o)
 .debug_frame   0x000000000000178c       0x7c c:/microchip/softconsole-v2021.1/arm-none-eabi-gcc/bin/../lib/gcc/arm-none-eabi/9.2.1/../../../../arm-none-eabi/lib/thumb/v7-m/nofp\libg.a(lib_a-sprintf.o)
 .debug_frame   0x0000000000001808       0x44 c:/microchip/softconsole-v2021.1/arm-none-eabi-gcc/bin/../lib/gcc/arm-none-eabi/9.2.1/../../../../arm-none-eabi/lib/thumb/v7-m/nofp\libg.a(lib_a-svfprintf.o)
 .debug_frame   0x000000000000184c       0x5c c:/microchip/softconsole-v2021.1/arm-none-eabi-gcc/bin/../lib/gcc/arm-none-eabi/9.2.1/../../../../arm-none-eabi/lib/thumb/v7-m/nofp\libg.a(lib_a-__call_atexit.o)
 .debug_frame   0x00000000000018a8       0x20 c:/microchip/softconsole-v2021.1/arm-none-eabi-gcc/bin/../lib/gcc/arm-none-eabi/9.2.1/../../../../arm-none-eabi/lib/thumb/v7-m/nofp\libg.a(lib_a-atexit.o)
 .debug_frame   0x00000000000018c8       0x8c c:/microchip/softconsole-v2021.1/arm-none-eabi-gcc/bin/../lib/gcc/arm-none-eabi/9.2.1/../../../../arm-none-eabi/lib/thumb/v7-m/nofp\libg.a(lib_a-dtoa.o)
 .debug_frame   0x0000000000001954       0x34 c:/microchip/softconsole-v2021.1/arm-none-eabi-gcc/bin/../lib/gcc/arm-none-eabi/9.2.1/../../../../arm-none-eabi/lib/thumb/v7-m/nofp\libg.a(lib_a-fini.o)
 .debug_frame   0x0000000000001988       0x8c c:/microchip/softconsole-v2021.1/arm-none-eabi-gcc/bin/../lib/gcc/arm-none-eabi/9.2.1/../../../../arm-none-eabi/lib/thumb/v7-m/nofp\libg.a(lib_a-freer.o)
 .debug_frame   0x0000000000001a14       0x40 c:/microchip/softconsole-v2021.1/arm-none-eabi-gcc/bin/../lib/gcc/arm-none-eabi/9.2.1/../../../../arm-none-eabi/lib/thumb/v7-m/nofp\libg.a(lib_a-localeconv.o)
 .debug_frame   0x0000000000001a54       0xb0 c:/microchip/softconsole-v2021.1/arm-none-eabi-gcc/bin/../lib/gcc/arm-none-eabi/9.2.1/../../../../arm-none-eabi/lib/thumb/v7-m/nofp\libg.a(lib_a-lock.o)
 .debug_frame   0x0000000000001b04       0x44 c:/microchip/softconsole-v2021.1/arm-none-eabi-gcc/bin/../lib/gcc/arm-none-eabi/9.2.1/../../../../arm-none-eabi/lib/thumb/v7-m/nofp\libg.a(lib_a-memchr-stub.o)
 .debug_frame   0x0000000000001b48      0x25c c:/microchip/softconsole-v2021.1/arm-none-eabi-gcc/bin/../lib/gcc/arm-none-eabi/9.2.1/../../../../arm-none-eabi/lib/thumb/v7-m/nofp\libg.a(lib_a-mprec.o)
 .debug_frame   0x0000000000001da4       0x60 c:/microchip/softconsole-v2021.1/arm-none-eabi-gcc/bin/../lib/gcc/arm-none-eabi/9.2.1/../../../../arm-none-eabi/lib/thumb/v7-m/nofp\libg.a(lib_a-reent.o)
 .debug_frame   0x0000000000001e04       0x30 c:/microchip/softconsole-v2021.1/arm-none-eabi-gcc/bin/../lib/gcc/arm-none-eabi/9.2.1/../../../../arm-none-eabi/lib/thumb/v7-m/nofp\libg.a(lib_a-s_frexp.o)
 .debug_frame   0x0000000000001e34       0x20 c:/microchip/softconsole-v2021.1/arm-none-eabi-gcc/bin/../lib/gcc/arm-none-eabi/9.2.1/../../../../arm-none-eabi/lib/thumb/v7-m/nofp\libg.a(lib_a-strlen-stub.o)
 .debug_frame   0x0000000000001e54       0x38 c:/microchip/softconsole-v2021.1/arm-none-eabi-gcc/bin/../lib/gcc/arm-none-eabi/9.2.1/../../../../arm-none-eabi/lib/thumb/v7-m/nofp\libg.a(lib_a-strncpy.o)
 .debug_frame   0x0000000000001e8c       0x78 c:/microchip/softconsole-v2021.1/arm-none-eabi-gcc/bin/../lib/gcc/arm-none-eabi/9.2.1/../../../../arm-none-eabi/lib/thumb/v7-m/nofp\libg.a(lib_a-svfiprintf.o)
 .debug_frame   0x0000000000001f04       0x34 c:/microchip/softconsole-v2021.1/arm-none-eabi-gcc/bin/../lib/gcc/arm-none-eabi/9.2.1/../../../../arm-none-eabi/lib/thumb/v7-m/nofp\libg.a(lib_a-__atexit.o)
 .debug_frame   0x0000000000001f38       0x28 c:/microchip/softconsole-v2021.1/arm-none-eabi-gcc/bin/../lib/gcc/arm-none-eabi/9.2.1/../../../../arm-none-eabi/lib/thumb/v7-m/nofp\libg.a(lib_a-callocr.o)
 .debug_frame   0x0000000000001f60       0x54 c:/microchip/softconsole-v2021.1/arm-none-eabi-gcc/bin/../lib/gcc/arm-none-eabi/9.2.1/../../../../arm-none-eabi/lib/thumb/v7-m/nofp\libg.a(lib_a-locale.o)
 .debug_frame   0x0000000000001fb4       0x4c c:/microchip/softconsole-v2021.1/arm-none-eabi-gcc/bin/../lib/gcc/arm-none-eabi/9.2.1/../../../../arm-none-eabi/lib/thumb/v7-m/nofp\libg.a(lib_a-mbtowc_r.o)
 .debug_frame   0x0000000000002000       0x40 c:/microchip/softconsole-v2021.1/arm-none-eabi-gcc/bin/../lib/gcc/arm-none-eabi/9.2.1/../../../../arm-none-eabi/lib/thumb/v7-m/nofp\libg.a(lib_a-memmove.o)
 .debug_frame   0x0000000000002040       0x48 c:/microchip/softconsole-v2021.1/arm-none-eabi-gcc/bin/../lib/gcc/arm-none-eabi/9.2.1/../../../../arm-none-eabi/lib/thumb/v7-m/nofp\libg.a(lib_a-reallocr.o)
 .debug_frame   0x0000000000002088       0x3c c:/microchip/softconsole-v2021.1/arm-none-eabi-gcc/bin/../lib/gcc/arm-none-eabi/9.2.1/../../../../arm-none-eabi/lib/thumb/v7-m/nofp\libg.a(lib_a-wctomb_r.o)
 .debug_frame   0x00000000000020c4       0xac c:/microchip/softconsole-v2021.1/arm-none-eabi-gcc/bin/../lib/gcc/arm-none-eabi/9.2.1/thumb/v7-m/nofp\libgcc.a(_arm_addsubdf3.o)
 .debug_frame   0x0000000000002170       0x50 c:/microchip/softconsole-v2021.1/arm-none-eabi-gcc/bin/../lib/gcc/arm-none-eabi/9.2.1/thumb/v7-m/nofp\libgcc.a(_arm_muldivdf3.o)
 .debug_frame   0x00000000000021c0       0xc4 c:/microchip/softconsole-v2021.1/arm-none-eabi-gcc/bin/../lib/gcc/arm-none-eabi/9.2.1/thumb/v7-m/nofp\libgcc.a(_arm_cmpdf2.o)
 .debug_frame   0x0000000000002284       0x20 c:/microchip/softconsole-v2021.1/arm-none-eabi-gcc/bin/../lib/gcc/arm-none-eabi/9.2.1/thumb/v7-m/nofp\libgcc.a(_arm_unorddf2.o)
 .debug_frame   0x00000000000022a4       0x24 c:/microchip/softconsole-v2021.1/arm-none-eabi-gcc/bin/../lib/gcc/arm-none-eabi/9.2.1/thumb/v7-m/nofp\libgcc.a(_arm_fixdfsi.o)
 .debug_frame   0x00000000000022c8       0x2c c:/microchip/softconsole-v2021.1/arm-none-eabi-gcc/bin/../lib/gcc/arm-none-eabi/9.2.1/thumb/v7-m/nofp\libgcc.a(_aeabi_uldivmod.o)
 .debug_frame   0x00000000000022f4       0x34 c:/microchip/softconsole-v2021.1/arm-none-eabi-gcc/bin/../lib/gcc/arm-none-eabi/9.2.1/thumb/v7-m/nofp\libgcc.a(_udivmoddi4.o)

.debug_str      0x0000000000000000    0x142ff
 *(.debug_str)
 .debug_str     0x0000000000000000     0xbb58 ./drivers/mss_uart/mss_uart.o
                                       0xbe3e (size before relaxing)
 .debug_str     0x000000000000bb58      0x4e0 ./drivers/mss_sys_services/mss_comblk.o
                                       0xa216 (size before relaxing)
 .debug_str     0x000000000000c038     0x3071 ./drivers/mss_rtc/mss_rtc.o
                                       0xd7d4 (size before relaxing)
 .debug_str     0x000000000000f0a9      0xccf ./drivers/mss_nvm/mss_nvm.o
                                       0xabea (size before relaxing)
 .debug_str     0x000000000000fd78      0x775 ./drivers/mss_hpdma/mss_hpdma.o
                                       0xab30 (size before relaxing)
 .debug_str     0x00000000000104ed     0x281a ./CMSIS/startup_gcc/newlib_stubs.o
                                       0x8a7f (size before relaxing)
 .debug_str     0x0000000000012d07       0x34 ./CMSIS/startup_gcc/startup_m2sxxx.o
                                         0xa1 (size before relaxing)
 .debug_str     0x0000000000012d3b      0x789 ./CMSIS/system_m2sxxx.o
                                       0xa207 (size before relaxing)
 .debug_str     0x00000000000134c4      0xe3b ./main.o
                                       0xf31d (size before relaxing)

.debug_loc
 *(.debug_loc)

.debug_macinfo
 *(.debug_macinfo)

.debug_weaknames
 *(.debug_weaknames)

.debug_funcnames
 *(.debug_funcnames)

.debug_typenames
 *(.debug_typenames)

.debug_varnames
 *(.debug_varnames)

.note.gnu.arm.ident
 *(.note.gnu.arm.ident)

.ARM.attributes
                0x0000000000000000       0x29
 *(.ARM.attributes)
 .ARM.attributes
                0x0000000000000000       0x1d c:/microchip/softconsole-v2021.1/arm-none-eabi-gcc/bin/../lib/gcc/arm-none-eabi/9.2.1/thumb/v7-m/nofp/crti.o
 .ARM.attributes
                0x000000000000001d       0x2d c:/microchip/softconsole-v2021.1/arm-none-eabi-gcc/bin/../lib/gcc/arm-none-eabi/9.2.1/thumb/v7-m/nofp/crtbegin.o
 .ARM.attributes
                0x000000000000004a       0x1b c:/microchip/softconsole-v2021.1/arm-none-eabi-gcc/bin/../lib/gcc/arm-none-eabi/9.2.1/../../../../arm-none-eabi/lib/thumb/v7-m/nofp/crt0.o
 .ARM.attributes
                0x0000000000000065       0x1b ./hal/CortexM3/GNU/hal.o
 .ARM.attributes
                0x0000000000000080       0x1b ./hal/CortexM3/GNU/hw_reg_access.o
 .ARM.attributes
                0x000000000000009b       0x2d ./hal/CortexM3/cortex_nvic.o
 .ARM.attributes
                0x00000000000000c8       0x33 ./drivers_config/sys_config/sys_config.o
 .ARM.attributes
                0x00000000000000fb       0x2d ./drivers/mss_uart/mss_uart.o
 .ARM.attributes
                0x0000000000000128       0x2d ./drivers/mss_sys_services/mss_comblk.o
 .ARM.attributes
                0x0000000000000155       0x2d ./drivers/mss_sys_services/mss_sys_services.o
 .ARM.attributes
                0x0000000000000182       0x2d ./drivers/mss_rtc/mss_rtc.o
 .ARM.attributes
                0x00000000000001af       0x2d ./drivers/mss_nvm/mss_nvm.o
 .ARM.attributes
                0x00000000000001dc       0x2d ./drivers/mss_hpdma/mss_hpdma.o
 .ARM.attributes
                0x0000000000000209       0x2d ./drivers/mss_gpio/mss_gpio.o
 .ARM.attributes
                0x0000000000000236       0x2d ./CMSIS/startup_gcc/newlib_stubs.o
 .ARM.attributes
                0x0000000000000263       0x21 ./CMSIS/startup_gcc/startup_m2sxxx.o
 .ARM.attributes
                0x0000000000000284       0x2d ./CMSIS/system_m2sxxx.o
 .ARM.attributes
                0x00000000000002b1       0x2d ./main.o
 .ARM.attributes
                0x00000000000002de       0x2d ./nvm_shortcuts.o
 .ARM.attributes
                0x000000000000030b       0x2d c:/microchip/softconsole-v2021.1/arm-none-eabi-gcc/bin/../lib/gcc/arm-none-eabi/9.2.1/../../../../arm-none-eabi/lib/thumb/v7-m/nofp\libg.a(lib_a-errno.o)
 .ARM.attributes
                0x0000000000000338       0x2d c:/microchip/softconsole-v2021.1/arm-none-eabi-gcc/bin/../lib/gcc/arm-none-eabi/9.2.1/../../../../arm-none-eabi/lib/thumb/v7-m/nofp\libg.a(lib_a-exit.o)
 .ARM.attributes
                0x0000000000000365       0x2d c:/microchip/softconsole-v2021.1/arm-none-eabi-gcc/bin/../lib/gcc/arm-none-eabi/9.2.1/../../../../arm-none-eabi/lib/thumb/v7-m/nofp\libg.a(lib_a-impure.o)
 .ARM.attributes
                0x0000000000000392       0x2d c:/microchip/softconsole-v2021.1/arm-none-eabi-gcc/bin/../lib/gcc/arm-none-eabi/9.2.1/../../../../arm-none-eabi/lib/thumb/v7-m/nofp\libg.a(lib_a-init.o)
 .ARM.attributes
                0x00000000000003bf       0x2d c:/microchip/softconsole-v2021.1/arm-none-eabi-gcc/bin/../lib/gcc/arm-none-eabi/9.2.1/../../../../arm-none-eabi/lib/thumb/v7-m/nofp\libg.a(lib_a-malloc.o)
 .ARM.attributes
                0x00000000000003ec       0x2d c:/microchip/softconsole-v2021.1/arm-none-eabi-gcc/bin/../lib/gcc/arm-none-eabi/9.2.1/../../../../arm-none-eabi/lib/thumb/v7-m/nofp\libg.a(lib_a-mallocr.o)
 .ARM.attributes
                0x0000000000000419       0x1b c:/microchip/softconsole-v2021.1/arm-none-eabi-gcc/bin/../lib/gcc/arm-none-eabi/9.2.1/../../../../arm-none-eabi/lib/thumb/v7-m/nofp\libg.a(lib_a-memcpy.o)
 .ARM.attributes
                0x0000000000000434       0x2d c:/microchip/softconsole-v2021.1/arm-none-eabi-gcc/bin/../lib/gcc/arm-none-eabi/9.2.1/../../../../arm-none-eabi/lib/thumb/v7-m/nofp\libg.a(lib_a-memset.o)
 .ARM.attributes
                0x0000000000000461       0x2d c:/microchip/softconsole-v2021.1/arm-none-eabi-gcc/bin/../lib/gcc/arm-none-eabi/9.2.1/../../../../arm-none-eabi/lib/thumb/v7-m/nofp\libg.a(lib_a-mlock.o)
 .ARM.attributes
                0x000000000000048e       0x2d c:/microchip/softconsole-v2021.1/arm-none-eabi-gcc/bin/../lib/gcc/arm-none-eabi/9.2.1/../../../../arm-none-eabi/lib/thumb/v7-m/nofp\libg.a(lib_a-rand.o)
 .ARM.attributes
                0x00000000000004bb       0x2d c:/microchip/softconsole-v2021.1/arm-none-eabi-gcc/bin/../lib/gcc/arm-none-eabi/9.2.1/../../../../arm-none-eabi/lib/thumb/v7-m/nofp\libg.a(lib_a-sbrkr.o)
 .ARM.attributes
                0x00000000000004e8       0x2d c:/microchip/softconsole-v2021.1/arm-none-eabi-gcc/bin/../lib/gcc/arm-none-eabi/9.2.1/../../../../arm-none-eabi/lib/thumb/v7-m/nofp\libg.a(lib_a-sprintf.o)
 .ARM.attributes
                0x0000000000000515       0x2d c:/microchip/softconsole-v2021.1/arm-none-eabi-gcc/bin/../lib/gcc/arm-none-eabi/9.2.1/../../../../arm-none-eabi/lib/thumb/v7-m/nofp\libg.a(lib_a-svfprintf.o)
 .ARM.attributes
                0x0000000000000542       0x2d c:/microchip/softconsole-v2021.1/arm-none-eabi-gcc/bin/../lib/gcc/arm-none-eabi/9.2.1/../../../../arm-none-eabi/lib/thumb/v7-m/nofp\libg.a(lib_a-__call_atexit.o)
 .ARM.attributes
                0x000000000000056f       0x2d c:/microchip/softconsole-v2021.1/arm-none-eabi-gcc/bin/../lib/gcc/arm-none-eabi/9.2.1/../../../../arm-none-eabi/lib/thumb/v7-m/nofp\libg.a(lib_a-atexit.o)
 .ARM.attributes
                0x000000000000059c       0x2d c:/microchip/softconsole-v2021.1/arm-none-eabi-gcc/bin/../lib/gcc/arm-none-eabi/9.2.1/../../../../arm-none-eabi/lib/thumb/v7-m/nofp\libg.a(lib_a-dtoa.o)
 .ARM.attributes
                0x00000000000005c9       0x2d c:/microchip/softconsole-v2021.1/arm-none-eabi-gcc/bin/../lib/gcc/arm-none-eabi/9.2.1/../../../../arm-none-eabi/lib/thumb/v7-m/nofp\libg.a(lib_a-fini.o)
 .ARM.attributes
                0x00000000000005f6       0x2d c:/microchip/softconsole-v2021.1/arm-none-eabi-gcc/bin/../lib/gcc/arm-none-eabi/9.2.1/../../../../arm-none-eabi/lib/thumb/v7-m/nofp\libg.a(lib_a-freer.o)
 .ARM.attributes
                0x0000000000000623       0x2d c:/microchip/softconsole-v2021.1/arm-none-eabi-gcc/bin/../lib/gcc/arm-none-eabi/9.2.1/../../../../arm-none-eabi/lib/thumb/v7-m/nofp\libg.a(lib_a-localeconv.o)
 .ARM.attributes
                0x0000000000000650       0x2d c:/microchip/softconsole-v2021.1/arm-none-eabi-gcc/bin/../lib/gcc/arm-none-eabi/9.2.1/../../../../arm-none-eabi/lib/thumb/v7-m/nofp\libg.a(lib_a-lock.o)
 .ARM.attributes
                0x000000000000067d       0x2d c:/microchip/softconsole-v2021.1/arm-none-eabi-gcc/bin/../lib/gcc/arm-none-eabi/9.2.1/../../../../arm-none-eabi/lib/thumb/v7-m/nofp\libg.a(lib_a-memchr-stub.o)
 .ARM.attributes
                0x00000000000006aa       0x2d c:/microchip/softconsole-v2021.1/arm-none-eabi-gcc/bin/../lib/gcc/arm-none-eabi/9.2.1/../../../../arm-none-eabi/lib/thumb/v7-m/nofp\libg.a(lib_a-mprec.o)
 .ARM.attributes
                0x00000000000006d7       0x2d c:/microchip/softconsole-v2021.1/arm-none-eabi-gcc/bin/../lib/gcc/arm-none-eabi/9.2.1/../../../../arm-none-eabi/lib/thumb/v7-m/nofp\libg.a(lib_a-reent.o)
 .ARM.attributes
                0x0000000000000704       0x2d c:/microchip/softconsole-v2021.1/arm-none-eabi-gcc/bin/../lib/gcc/arm-none-eabi/9.2.1/../../../../arm-none-eabi/lib/thumb/v7-m/nofp\libg.a(lib_a-s_frexp.o)
 .ARM.attributes
                0x0000000000000731       0x2d c:/microchip/softconsole-v2021.1/arm-none-eabi-gcc/bin/../lib/gcc/arm-none-eabi/9.2.1/../../../../arm-none-eabi/lib/thumb/v7-m/nofp\libg.a(lib_a-strlen-stub.o)
 .ARM.attributes
                0x000000000000075e       0x2d c:/microchip/softconsole-v2021.1/arm-none-eabi-gcc/bin/../lib/gcc/arm-none-eabi/9.2.1/../../../../arm-none-eabi/lib/thumb/v7-m/nofp\libg.a(lib_a-strncpy.o)
 .ARM.attributes
                0x000000000000078b       0x2d c:/microchip/softconsole-v2021.1/arm-none-eabi-gcc/bin/../lib/gcc/arm-none-eabi/9.2.1/../../../../arm-none-eabi/lib/thumb/v7-m/nofp\libg.a(lib_a-svfiprintf.o)
 .ARM.attributes
                0x00000000000007b8       0x2d c:/microchip/softconsole-v2021.1/arm-none-eabi-gcc/bin/../lib/gcc/arm-none-eabi/9.2.1/../../../../arm-none-eabi/lib/thumb/v7-m/nofp\libg.a(lib_a-__atexit.o)
 .ARM.attributes
                0x00000000000007e5       0x2d c:/microchip/softconsole-v2021.1/arm-none-eabi-gcc/bin/../lib/gcc/arm-none-eabi/9.2.1/../../../../arm-none-eabi/lib/thumb/v7-m/nofp\libg.a(lib_a-callocr.o)
 .ARM.attributes
                0x0000000000000812       0x2d c:/microchip/softconsole-v2021.1/arm-none-eabi-gcc/bin/../lib/gcc/arm-none-eabi/9.2.1/../../../../arm-none-eabi/lib/thumb/v7-m/nofp\libg.a(lib_a-locale.o)
 .ARM.attributes
                0x000000000000083f       0x2d c:/microchip/softconsole-v2021.1/arm-none-eabi-gcc/bin/../lib/gcc/arm-none-eabi/9.2.1/../../../../arm-none-eabi/lib/thumb/v7-m/nofp\libg.a(lib_a-mbtowc_r.o)
 .ARM.attributes
                0x000000000000086c       0x2d c:/microchip/softconsole-v2021.1/arm-none-eabi-gcc/bin/../lib/gcc/arm-none-eabi/9.2.1/../../../../arm-none-eabi/lib/thumb/v7-m/nofp\libg.a(lib_a-memmove.o)
 .ARM.attributes
                0x0000000000000899       0x2d c:/microchip/softconsole-v2021.1/arm-none-eabi-gcc/bin/../lib/gcc/arm-none-eabi/9.2.1/../../../../arm-none-eabi/lib/thumb/v7-m/nofp\libg.a(lib_a-reallocr.o)
 .ARM.attributes
                0x00000000000008c6       0x1b c:/microchip/softconsole-v2021.1/arm-none-eabi-gcc/bin/../lib/gcc/arm-none-eabi/9.2.1/../../../../arm-none-eabi/lib/thumb/v7-m/nofp\libg.a(lib_a-strcmp.o)
 .ARM.attributes
                0x00000000000008e1       0x2d c:/microchip/softconsole-v2021.1/arm-none-eabi-gcc/bin/../lib/gcc/arm-none-eabi/9.2.1/../../../../arm-none-eabi/lib/thumb/v7-m/nofp\libg.a(lib_a-wctomb_r.o)
 .ARM.attributes
                0x000000000000090e       0x2d c:/microchip/softconsole-v2021.1/arm-none-eabi-gcc/bin/../lib/gcc/arm-none-eabi/9.2.1/../../../../arm-none-eabi/lib/thumb/v7-m/nofp\libg.a(lib_a-ctype_.o)
 .ARM.attributes
                0x000000000000093b       0x1d c:/microchip/softconsole-v2021.1/arm-none-eabi-gcc/bin/../lib/gcc/arm-none-eabi/9.2.1/thumb/v7-m/nofp\libgcc.a(_arm_muldf3.o)
 .ARM.attributes
                0x0000000000000958       0x1d c:/microchip/softconsole-v2021.1/arm-none-eabi-gcc/bin/../lib/gcc/arm-none-eabi/9.2.1/thumb/v7-m/nofp\libgcc.a(_arm_addsubdf3.o)
 .ARM.attributes
                0x0000000000000975       0x1d c:/microchip/softconsole-v2021.1/arm-none-eabi-gcc/bin/../lib/gcc/arm-none-eabi/9.2.1/thumb/v7-m/nofp\libgcc.a(_arm_muldivdf3.o)
 .ARM.attributes
                0x0000000000000992       0x1d c:/microchip/softconsole-v2021.1/arm-none-eabi-gcc/bin/../lib/gcc/arm-none-eabi/9.2.1/thumb/v7-m/nofp\libgcc.a(_arm_cmpdf2.o)
 .ARM.attributes
                0x00000000000009af       0x1d c:/microchip/softconsole-v2021.1/arm-none-eabi-gcc/bin/../lib/gcc/arm-none-eabi/9.2.1/thumb/v7-m/nofp\libgcc.a(_arm_unorddf2.o)
 .ARM.attributes
                0x00000000000009cc       0x1d c:/microchip/softconsole-v2021.1/arm-none-eabi-gcc/bin/../lib/gcc/arm-none-eabi/9.2.1/thumb/v7-m/nofp\libgcc.a(_arm_fixdfsi.o)
 .ARM.attributes
                0x00000000000009e9       0x1d c:/microchip/softconsole-v2021.1/arm-none-eabi-gcc/bin/../lib/gcc/arm-none-eabi/9.2.1/thumb/v7-m/nofp\libgcc.a(_aeabi_uldivmod.o)
 .ARM.attributes
                0x0000000000000a06       0x2d c:/microchip/softconsole-v2021.1/arm-none-eabi-gcc/bin/../lib/gcc/arm-none-eabi/9.2.1/thumb/v7-m/nofp\libgcc.a(_udivmoddi4.o)
 .ARM.attributes
                0x0000000000000a33       0x1d c:/microchip/softconsole-v2021.1/arm-none-eabi-gcc/bin/../lib/gcc/arm-none-eabi/9.2.1/thumb/v7-m/nofp\libgcc.a(_dvmd_tls.o)
 .ARM.attributes
                0x0000000000000a50       0x2d c:/microchip/softconsole-v2021.1/arm-none-eabi-gcc/bin/../lib/gcc/arm-none-eabi/9.2.1/thumb/v7-m/nofp/crtend.o
 .ARM.attributes
                0x0000000000000a7d       0x1d c:/microchip/softconsole-v2021.1/arm-none-eabi-gcc/bin/../lib/gcc/arm-none-eabi/9.2.1/thumb/v7-m/nofp/crtn.o

/DISCARD/
 *(.note.GNU-stack)
 *(.isr_vector)
OUTPUT(eNVM.elf elf32-littlearm)

.debug_ranges   0x0000000000000000      0x580
 .debug_ranges  0x0000000000000000      0x1d8 ./drivers/mss_uart/mss_uart.o
 .debug_ranges  0x00000000000001d8       0xd0 ./drivers/mss_sys_services/mss_comblk.o
 .debug_ranges  0x00000000000002a8       0xc8 ./drivers/mss_rtc/mss_rtc.o
 .debug_ranges  0x0000000000000370       0x70 ./drivers/mss_nvm/mss_nvm.o
 .debug_ranges  0x00000000000003e0       0x70 ./drivers/mss_hpdma/mss_hpdma.o
 .debug_ranges  0x0000000000000450       0x98 ./CMSIS/startup_gcc/newlib_stubs.o
 .debug_ranges  0x00000000000004e8       0x58 ./CMSIS/system_m2sxxx.o
 .debug_ranges  0x0000000000000540       0x40 ./main.o

.debug_macro    0x0000000000000000     0x2412
 .debug_macro   0x0000000000000000      0x185 ./drivers/mss_uart/mss_uart.o
 .debug_macro   0x0000000000000185      0x174 ./drivers/mss_uart/mss_uart.o
 .debug_macro   0x00000000000002f9      0x177 ./drivers/mss_uart/mss_uart.o
 .debug_macro   0x0000000000000470       0xe2 ./drivers/mss_uart/mss_uart.o
 .debug_macro   0x0000000000000552       0x22 ./drivers/mss_uart/mss_uart.o
 .debug_macro   0x0000000000000574      0x168 ./drivers/mss_sys_services/mss_comblk.o
 .debug_macro   0x00000000000006dc      0x232 ./drivers/mss_rtc/mss_rtc.o
 .debug_macro   0x000000000000090e       0x4a ./drivers/mss_rtc/mss_rtc.o
 .debug_macro   0x0000000000000958      0x2af ./drivers/mss_nvm/mss_nvm.o
 .debug_macro   0x0000000000000c07       0x16 ./drivers/mss_nvm/mss_nvm.o
 .debug_macro   0x0000000000000c1d      0x151 ./drivers/mss_hpdma/mss_hpdma.o
 .debug_macro   0x0000000000000d6e       0x5e ./drivers/mss_hpdma/mss_hpdma.o
 .debug_macro   0x0000000000000dcc       0x94 ./drivers/mss_hpdma/mss_hpdma.o
 .debug_macro   0x0000000000000e60       0x57 ./drivers/mss_hpdma/mss_hpdma.o
 .debug_macro   0x0000000000000eb7       0x10 ./drivers/mss_hpdma/mss_hpdma.o
 .debug_macro   0x0000000000000ec7      0x1fa ./CMSIS/startup_gcc/newlib_stubs.o
 .debug_macro   0x00000000000010c1       0x16 ./CMSIS/startup_gcc/newlib_stubs.o
 .debug_macro   0x00000000000010d7      0x10e ./CMSIS/startup_gcc/newlib_stubs.o
 .debug_macro   0x00000000000011e5       0x8d ./CMSIS/startup_gcc/newlib_stubs.o
 .debug_macro   0x0000000000001272       0x16 ./CMSIS/startup_gcc/newlib_stubs.o
 .debug_macro   0x0000000000001288       0x29 ./CMSIS/startup_gcc/newlib_stubs.o
 .debug_macro   0x00000000000012b1       0x16 ./CMSIS/startup_gcc/newlib_stubs.o
 .debug_macro   0x00000000000012c7       0x10 ./CMSIS/startup_gcc/newlib_stubs.o
 .debug_macro   0x00000000000012d7       0x1c ./CMSIS/startup_gcc/newlib_stubs.o
 .debug_macro   0x00000000000012f3       0x52 ./CMSIS/startup_gcc/newlib_stubs.o
 .debug_macro   0x0000000000001345       0x40 ./CMSIS/startup_gcc/newlib_stubs.o
 .debug_macro   0x0000000000001385       0x10 ./CMSIS/startup_gcc/newlib_stubs.o
 .debug_macro   0x0000000000001395       0x40 ./CMSIS/startup_gcc/newlib_stubs.o
 .debug_macro   0x00000000000013d5       0xd7 ./CMSIS/startup_gcc/newlib_stubs.o
 .debug_macro   0x00000000000014ac       0x1c ./CMSIS/startup_gcc/newlib_stubs.o
 .debug_macro   0x00000000000014c8       0x3d ./CMSIS/startup_gcc/newlib_stubs.o
 .debug_macro   0x0000000000001505      0x51a ./CMSIS/startup_gcc/newlib_stubs.o
 .debug_macro   0x0000000000001a1f       0x16 ./CMSIS/startup_gcc/newlib_stubs.o
 .debug_macro   0x0000000000001a35       0x10 ./CMSIS/startup_gcc/newlib_stubs.o
 .debug_macro   0x0000000000001a45       0x10 ./CMSIS/startup_gcc/newlib_stubs.o
 .debug_macro   0x0000000000001a55       0x35 ./CMSIS/startup_gcc/newlib_stubs.o
 .debug_macro   0x0000000000001a8a      0x122 ./CMSIS/startup_gcc/newlib_stubs.o
 .debug_macro   0x0000000000001bac       0x10 ./CMSIS/startup_gcc/newlib_stubs.o
 .debug_macro   0x0000000000001bbc      0x241 ./CMSIS/startup_gcc/newlib_stubs.o
 .debug_macro   0x0000000000001dfd      0x173 ./CMSIS/system_m2sxxx.o
 .debug_macro   0x0000000000001f70      0x2ad ./main.o
 .debug_macro   0x000000000000221d       0x10 ./main.o
 .debug_macro   0x000000000000222d       0x3a ./main.o
 .debug_macro   0x0000000000002267       0x16 ./main.o
 .debug_macro   0x000000000000227d       0x10 ./main.o
 .debug_macro   0x000000000000228d       0x16 ./main.o
 .debug_macro   0x00000000000022a3      0x16f ./main.o

.comment        0x0000000000000000       0x66
 .comment       0x0000000000000000       0x66 ./drivers/mss_uart/mss_uart.o
                                         0x67 (size before relaxing)
 .comment       0x0000000000000066       0x67 ./drivers/mss_sys_services/mss_comblk.o
 .comment       0x0000000000000066       0x67 ./drivers/mss_rtc/mss_rtc.o
 .comment       0x0000000000000066       0x67 ./drivers/mss_nvm/mss_nvm.o
 .comment       0x0000000000000066       0x67 ./drivers/mss_hpdma/mss_hpdma.o
 .comment       0x0000000000000066       0x67 ./CMSIS/startup_gcc/newlib_stubs.o
 .comment       0x0000000000000066       0x67 ./CMSIS/system_m2sxxx.o
 .comment       0x0000000000000066       0x67 ./main.o
